<html>
<body>
<pre>
<h1>µVision Build Log</h1>
<h2>Project:</h2>
D:\SLR\Interlogicx\codes\Practise\RTOS\FREE RTOS\Rtos examples\Tutorial programs\others\countsem-counting events\countsem.uvproj
Project File Date:  08/28/2016

<h2>Output:</h2>
Rebuild target 'Target 1'
assembling Startup.s...
compiling countsem.c...
countsem.c(100): warning:  #550-D: variable "r" was set but never used
compiling list.c...
compiling queue.c...
compiling tasks.c...
compiling heap_2.c...
compiling port.c...
assembling portASM.s...
linking...
Program Size: Code=14436 RO-data=32 RW-data=112 ZI-data=18232  
FromELF: creating hex file...
"countsem.axf" - 0 Error(s), 1 Warning(s).
Rebuild target 'Target 1'
assembling Startup.s...
compiling countsem.c...
countsem.c(100): warning:  #550-D: variable "r" was set but never used
compiling list.c...
compiling queue.c...
compiling tasks.c...
compiling heap_2.c...
compiling port.c...
assembling portASM.s...
linking...
Program Size: Code=14436 RO-data=32 RW-data=112 ZI-data=18232  
FromELF: creating hex file...
"countsem.axf" - 0 Error(s), 1 Warning(s).
Rebuild target 'Target 1'
assembling Startup.s...
compiling countsem.c...
countsem.c(100): warning:  #550-D: variable "r" was set but never used
compiling list.c...
compiling queue.c...
compiling tasks.c...
compiling heap_2.c...
compiling port.c...
assembling portASM.s...
linking...
Program Size: Code=14452 RO-data=32 RW-data=112 ZI-data=18232  
FromELF: creating hex file...
"countsem.axf" - 0 Error(s), 1 Warning(s).
Rebuild target 'Target 1'
assembling Startup.s...
compiling countsem.c...
countsem.c(100): warning:  #550-D: variable "r" was set but never used
compiling list.c...
compiling queue.c...
compiling tasks.c...
compiling heap_2.c...
compiling port.c...
assembling portASM.s...
linking...
Program Size: Code=14436 RO-data=32 RW-data=112 ZI-data=18232  
FromELF: creating hex file...
"countsem.axf" - 0 Error(s), 1 Warning(s).
Rebuild target 'Target 1'
assembling Startup.s...
compiling countsem.c...
countsem.c(91): warning:  #550-D: variable "r" was set but never used
compiling list.c...
compiling queue.c...
compiling tasks.c...
compiling heap_2.c...
compiling port.c...
assembling portASM.s...
linking...
Program Size: Code=14324 RO-data=32 RW-data=112 ZI-data=18232  
FromELF: creating hex file...
"countsem.axf" - 0 Error(s), 1 Warning(s).
Rebuild target 'Target 1'
assembling Startup.s...
compiling countsem.c...
compiling list.c...
compiling queue.c...
compiling tasks.c...
compiling heap_2.c...
compiling port.c...
assembling portASM.s...
linking...
Program Size: Code=14392 RO-data=32 RW-data=112 ZI-data=18232  
FromELF: creating hex file...
"countsem.axf" - 0 Error(s), 0 Warning(s).
Rebuild target 'Target 1'
assembling Startup.s...
compiling countsem.c...
compiling list.c...
compiling queue.c...
compiling tasks.c...
compiling heap_2.c...
compiling port.c...
assembling portASM.s...
linking...
Program Size: Code=14392 RO-data=32 RW-data=112 ZI-data=18232  
FromELF: creating hex file...
"countsem.axf" - 0 Error(s), 0 Warning(s).
Rebuild target 'Target 1'
assembling Startup.s...
compiling countsem.c...
countsem.c(37): warning:  #177-D: variable "adcval" was declared but never referenced
countsem.c(37): warning:  #177-D: variable "a" was declared but never referenced
countsem.c(37): warning:  #177-D: variable "b" was declared but never referenced
countsem.c(37): warning:  #177-D: variable "c" was declared but never referenced
countsem.c(37): warning:  #177-D: variable "d" was declared but never referenced
countsem.c(52): warning:  #177-D: variable "adcval" was declared but never referenced
countsem.c(52): warning:  #177-D: variable "a" was declared but never referenced
countsem.c(52): warning:  #177-D: variable "b" was declared but never referenced
countsem.c(52): warning:  #177-D: variable "c" was declared but never referenced
countsem.c(52): warning:  #177-D: variable "d" was declared but never referenced
compiling list.c...
compiling queue.c...
compiling tasks.c...
compiling heap_2.c...
compiling port.c...
assembling portASM.s...
linking...
Program Size: Code=13408 RO-data=32 RW-data=92 ZI-data=18228  
FromELF: creating hex file...
"countsem.axf" - 0 Error(s), 10 Warning(s).
Rebuild target 'Target 1'
assembling Startup.s...
compiling countsem.c...
compiling list.c...
compiling queue.c...
compiling tasks.c...
compiling heap_2.c...
compiling port.c...
assembling portASM.s...
linking...
Program Size: Code=13408 RO-data=32 RW-data=92 ZI-data=18228  
FromELF: creating hex file...
"countsem.axf" - 0 Error(s), 0 Warning(s).
Rebuild target 'Target 1'
assembling Startup.s...
compiling countsem.c...
compiling list.c...
compiling queue.c...
compiling tasks.c...
compiling heap_2.c...
compiling port.c...
assembling portASM.s...
linking...
Program Size: Code=13408 RO-data=32 RW-data=92 ZI-data=18228  
FromELF: creating hex file...
"countsem.axf" - 0 Error(s), 0 Warning(s).
Rebuild target 'Target 1'
assembling Startup.s...
compiling countsem.c...
compiling list.c...
compiling queue.c...
compiling tasks.c...
compiling heap_2.c...
compiling port.c...
assembling portASM.s...
linking...
Program Size: Code=13424 RO-data=32 RW-data=92 ZI-data=18228  
FromELF: creating hex file...
"countsem.axf" - 0 Error(s), 0 Warning(s).
Rebuild target 'Target 1'
assembling Startup.s...
compiling countsem.c...
compiling list.c...
compiling queue.c...
compiling tasks.c...
compiling heap_2.c...
compiling port.c...
assembling portASM.s...
linking...
Program Size: Code=13432 RO-data=32 RW-data=92 ZI-data=18228  
FromELF: creating hex file...
"countsem.axf" - 0 Error(s), 0 Warning(s).
Rebuild target 'Target 1'
assembling Startup.s...
compiling countsem.c...
compiling list.c...
compiling queue.c...
compiling tasks.c...
compiling heap_2.c...
compiling port.c...
assembling portASM.s...
linking...
Program Size: Code=13424 RO-data=32 RW-data=92 ZI-data=18228  
FromELF: creating hex file...
"countsem.axf" - 0 Error(s), 0 Warning(s).
Rebuild target 'Target 1'
assembling Startup.s...
compiling countsem.c...
compiling list.c...
compiling queue.c...
compiling tasks.c...
compiling heap_2.c...
compiling port.c...
assembling portASM.s...
linking...
Program Size: Code=13408 RO-data=32 RW-data=92 ZI-data=18228  
FromELF: creating hex file...
"countsem.axf" - 0 Error(s), 0 Warning(s).
Rebuild target 'Target 1'
assembling Startup.s...
compiling countsem.c...
compiling list.c...
compiling queue.c...
compiling tasks.c...
compiling heap_2.c...
compiling port.c...
assembling portASM.s...
linking...
Program Size: Code=13424 RO-data=32 RW-data=92 ZI-data=18228  
FromELF: creating hex file...
"countsem.axf" - 0 Error(s), 0 Warning(s).
Rebuild target 'Target 1'
assembling Startup.s...
compiling countsem.c...
compiling list.c...
compiling queue.c...
compiling tasks.c...
compiling heap_2.c...
compiling port.c...
assembling portASM.s...
linking...
Program Size: Code=13424 RO-data=32 RW-data=92 ZI-data=18228  
FromELF: creating hex file...
"countsem.axf" - 0 Error(s), 0 Warning(s).
Rebuild target 'Target 1'
assembling Startup.s...
compiling countsem.c...
compiling list.c...
compiling queue.c...
compiling tasks.c...
compiling heap_2.c...
compiling port.c...
assembling portASM.s...
linking...
Program Size: Code=13424 RO-data=32 RW-data=92 ZI-data=18228  
FromELF: creating hex file...
"countsem.axf" - 0 Error(s), 0 Warning(s).
Rebuild target 'Target 1'
assembling Startup.s...
compiling countsem.c...
compiling list.c...
compiling queue.c...
compiling tasks.c...
compiling heap_2.c...
compiling port.c...
assembling portASM.s...
linking...
Program Size: Code=13372 RO-data=32 RW-data=92 ZI-data=18228  
FromELF: creating hex file...
"countsem.axf" - 0 Error(s), 0 Warning(s).
