<html>
<body>
<pre>
<h1>µVision Build Log</h1>
<h2>Project:</h2>
D:\SLR\Interlogicx\codes\Practise\ARM\Timer\1\project.uvproj
Project File Date:  06/04/2015

<h2>Output:</h2>
Rebuild target 'Target 1'
assembling Startup.s...
compiling code.c...
code.c(5): warning:  #1295-D: Deprecated declaration pll - give arg types
linking...
Program Size: Code=668 RO-data=16 RW-data=0 ZI-data=1256  
FromELF: creating hex file...
"project.axf" - 0 Error(s), 1 Warning(s).
Rebuild target 'Target 1'
assembling Startup.s...
compiling code.c...
code.c(5): warning:  #1295-D: Deprecated declaration pll - give arg types
linking...
Program Size: Code=668 RO-data=16 RW-data=0 ZI-data=1256  
FromELF: creating hex file...
"project.axf" - 0 Error(s), 1 Warning(s).
Build target 'Target 1'
compiling code.c...
code.c(5): warning:  #1295-D: Deprecated declaration pll - give arg types
linking...
Program Size: Code=668 RO-data=16 RW-data=0 ZI-data=1256  
FromELF: creating hex file...
"project.axf" - 0 Error(s), 1 Warning(s).
Rebuild target 'Target 1'
assembling Startup.s...
compiling code.c...
code.c(5): warning:  #1295-D: Deprecated declaration pll - give arg types
linking...
Program Size: Code=668 RO-data=16 RW-data=0 ZI-data=1256  
FromELF: creating hex file...
"project.axf" - 0 Error(s), 1 Warning(s).
Rebuild target 'Target 1'
assembling Startup.s...
compiling code.c...
code.c(10): warning:  #223-D: function "pll" declared implicitly
linking...
project.axf: Error: L6218E: Undefined symbol pll (referred from code.o).
Target not created
Rebuild target 'Target 1'
assembling Startup.s...
compiling code.c...
code.c(10): warning:  #223-D: function "pll" declared implicitly
linking...
project.axf: Error: L6218E: Undefined symbol pll (referred from code.o).
Target not created
Rebuild target 'Target 1'
assembling Startup.s...
compiling code.c...
linking...
Program Size: Code=564 RO-data=16 RW-data=0 ZI-data=1256  
FromELF: creating hex file...
"project.axf" - 0 Error(s), 0 Warning(s).
Rebuild target 'Target 1'
assembling Startup.s...
compiling code.c...
linking...
Program Size: Code=564 RO-data=16 RW-data=0 ZI-data=1256  
FromELF: creating hex file...
"project.axf" - 0 Error(s), 0 Warning(s).
Rebuild target 'Target 1'
assembling Startup.s...
compiling code.c...
linking...
Program Size: Code=564 RO-data=16 RW-data=0 ZI-data=1256  
FromELF: creating hex file...
"project.axf" - 0 Error(s), 0 Warning(s).
Rebuild target 'Target 1'
assembling Startup.s...
compiling code.c...
code.c(5): warning:  #1295-D: Deprecated declaration pll - give arg types
linking...
Program Size: Code=668 RO-data=16 RW-data=0 ZI-data=1256  
FromELF: creating hex file...
"project.axf" - 0 Error(s), 1 Warning(s).
Rebuild target 'Target 1'
assembling Startup.s...
compiling code.c...
code.c(5): warning:  #1295-D: Deprecated declaration pll - give arg types
linking...
Program Size: Code=664 RO-data=16 RW-data=0 ZI-data=1256  
FromELF: creating hex file...
"project.axf" - 0 Error(s), 1 Warning(s).
Rebuild target 'Target 1'
assembling Startup.s...
compiling code.c...
code.c(5): warning:  #1295-D: Deprecated declaration pll - give arg types
linking...
Program Size: Code=676 RO-data=16 RW-data=0 ZI-data=1256  
FromELF: creating hex file...
"project.axf" - 0 Error(s), 1 Warning(s).
Rebuild target 'Target 1'
assembling Startup.s...
compiling code.c...
code.c(5): warning:  #1295-D: Deprecated declaration pll - give arg types
linking...
Program Size: Code=676 RO-data=16 RW-data=0 ZI-data=1256  
FromELF: creating hex file...
"project.axf" - 0 Error(s), 1 Warning(s).
Rebuild target 'Target 1'
assembling Startup.s...
compiling code.c...
code.c(5): warning:  #1295-D: Deprecated declaration pll - give arg types
linking...
Program Size: Code=676 RO-data=16 RW-data=0 ZI-data=1256  
FromELF: creating hex file...
"project.axf" - 0 Error(s), 1 Warning(s).
Rebuild target 'Target 1'
assembling Startup.s...
compiling code.c...
code.c(5): warning:  #1295-D: Deprecated declaration pll - give arg types
linking...
Program Size: Code=676 RO-data=16 RW-data=0 ZI-data=1256  
FromELF: creating hex file...
"project.axf" - 0 Error(s), 1 Warning(s).
Rebuild target 'Target 1'
assembling Startup.s...
compiling code.c...
code.c(5): warning:  #1295-D: Deprecated declaration pll - give arg types
linking...
Program Size: Code=680 RO-data=16 RW-data=0 ZI-data=1256  
FromELF: creating hex file...
"project.axf" - 0 Error(s), 1 Warning(s).
Rebuild target 'Target 1'
assembling Startup.s...
compiling code.c...
code.c(5): warning:  #1295-D: Deprecated declaration pll - give arg types
linking...
Program Size: Code=668 RO-data=16 RW-data=0 ZI-data=1256  
FromELF: creating hex file...
"project.axf" - 0 Error(s), 1 Warning(s).
Rebuild target 'Target 1'
assembling Startup.s...
compiling code.c...
code.c(5): warning:  #1295-D: Deprecated declaration pll - give arg types
linking...
Program Size: Code=668 RO-data=16 RW-data=0 ZI-data=1256  
FromELF: creating hex file...
"project.axf" - 0 Error(s), 1 Warning(s).
Rebuild target 'Target 1'
assembling Startup.s...
compiling code.c...
code.c(5): warning:  #1295-D: Deprecated declaration pll - give arg types
linking...
Program Size: Code=668 RO-data=16 RW-data=0 ZI-data=1256  
FromELF: creating hex file...
"project.axf" - 0 Error(s), 1 Warning(s).
