<html>
<body>
<pre>
<h1>µVision Build Log</h1>
<h2>Project:</h2>
D:\EmbeTronicX\Git_Repo\Tutorials\Microcontrollers\LPC2148\Gas Sensor\gas.uvproj
Project File Date:  10/05/2021

<h2>Output:</h2>
Build target 'Target 1'
assembling Startup.s...
compiling main.c...
main.c(13): warning:  #1295-D: Deprecated declaration lcd_int - give arg types
main.c(18): warning:  #951-D: return type of function "main" must be "int"
main.c(70): warning:  #1-D: last line of file ends without a newline
linking...
Program Size: Code=1388 RO-data=32 RW-data=4 ZI-data=1260  
FromELF: creating hex file...
"gas.axf" - 0 Error(s), 3 Warning(s).
Build target 'Target 1'
compiling main.c...
main.c(13): warning:  #1295-D: Deprecated declaration lcd_int - give arg types
main.c(32): warning:  #111-D: statement is unreachable
linking...
Program Size: Code=1388 RO-data=32 RW-data=4 ZI-data=1260  
FromELF: creating hex file...
"gas.axf" - 0 Error(s), 2 Warning(s).
Build target 'Target 1'
compiling main.c...
main.c(13): warning:  #1295-D: Deprecated declaration lcd_int - give arg types
main.c(18): warning:  #951-D: return type of function "main" must be "int"
linking...
Program Size: Code=1388 RO-data=32 RW-data=4 ZI-data=1260  
FromELF: creating hex file...
"gas.axf" - 0 Error(s), 2 Warning(s).
Build target 'Target 1'
compiling main.c...
main.c(18): warning:  #951-D: return type of function "main" must be "int"
linking...
Program Size: Code=1388 RO-data=32 RW-data=4 ZI-data=1260  
FromELF: creating hex file...
"gas.axf" - 0 Error(s), 1 Warning(s).
Build target 'Target 1'
linking...
Program Size: Code=1388 RO-data=32 RW-data=4 ZI-data=1260  
FromELF: creating hex file...
"gas.axf" - 0 Error(s), 0 Warning(s).
