<html>
<body>
<pre>
<h1>µVision Build Log</h1>
<h2>Project:</h2>
D:\SLR\Interlogicx\codes\Practise\RTOS\FREE RTOS\Rtos examples\Tutorial programs\right from scratch\4-Mutex\new\project.uvproj
Project File Date:  07/22/2017

<h2>Output:</h2>
Rebuild target 'Target 1'
assembling Startup.s...
compiling mutex.c...
compiling list.c...
compiling queue.c...
C:\Keil\FreeRTOS_V9.0.0rc2\FreeRTOS\Source\queue.c(472): warning:  #177-D: function "prvInitialiseMutex" was declared but never referenced
compiling tasks.c...
compiling port.c...
assembling portASM.s...
compiling heap_2.c...
linking...
project.axf: Error: L6218E: Undefined symbol xQueueCreateMutex (referred from mutex.o).
Target not created
Rebuild target 'Target 1'
assembling Startup.s...
compiling mutex.c...
compiling list.c...
compiling queue.c...
compiling tasks.c...
compiling port.c...
assembling portASM.s...
compiling heap_2.c...
linking...
Program Size: Code=14044 RO-data=32 RW-data=92 ZI-data=18228  
"project.axf" - 0 Error(s), 0 Warning(s).
Rebuild target 'Target 1'
assembling Startup.s...
compiling mutex.c...
compiling list.c...
compiling queue.c...
compiling tasks.c...
compiling port.c...
assembling portASM.s...
compiling heap_2.c...
linking...
Program Size: Code=14044 RO-data=32 RW-data=92 ZI-data=18228  
"project.axf" - 0 Error(s), 0 Warning(s).
Rebuild target 'Target 1'
assembling Startup.s...
compiling mutex.c...
compiling list.c...
compiling queue.c...
compiling tasks.c...
compiling port.c...
assembling portASM.s...
compiling heap_2.c...
linking...
Program Size: Code=14044 RO-data=32 RW-data=92 ZI-data=18228  
"project.axf" - 0 Error(s), 0 Warning(s).
Rebuild target 'Target 1'
assembling Startup.s...
compiling mutex.c...
compiling list.c...
compiling queue.c...
compiling tasks.c...
compiling port.c...
assembling portASM.s...
compiling heap_2.c...
linking...
Program Size: Code=14044 RO-data=32 RW-data=92 ZI-data=18228  
FromELF: creating hex file...
"project.axf" - 0 Error(s), 0 Warning(s).
Rebuild target 'Target 1'
assembling Startup.s...
compiling mutex.c...
compiling list.c...
compiling queue.c...
compiling tasks.c...
compiling port.c...
assembling portASM.s...
compiling heap_2.c...
linking...
Program Size: Code=14044 RO-data=32 RW-data=92 ZI-data=18228  
FromELF: creating hex file...
"project.axf" - 0 Error(s), 0 Warning(s).
Rebuild target 'Target 1'
assembling Startup.s...
compiling mutex.c...
compiling list.c...
compiling queue.c...
compiling tasks.c...
compiling port.c...
assembling portASM.s...
compiling heap_2.c...
linking...
Program Size: Code=14044 RO-data=32 RW-data=92 ZI-data=18228  
FromELF: creating hex file...
"project.axf" - 0 Error(s), 0 Warning(s).
Rebuild target 'Target 1'
assembling Startup.s...
compiling mutex.c...
compiling list.c...
compiling queue.c...
compiling tasks.c...
compiling port.c...
assembling portASM.s...
compiling heap_2.c...
linking...
Program Size: Code=14044 RO-data=32 RW-data=92 ZI-data=18228  
FromELF: creating hex file...
"project.axf" - 0 Error(s), 0 Warning(s).
Rebuild target 'Target 1'
assembling Startup.s...
compiling mutex.c...
compiling list.c...
compiling queue.c...
compiling tasks.c...
compiling port.c...
assembling portASM.s...
compiling heap_2.c...
linking...
Program Size: Code=14044 RO-data=32 RW-data=92 ZI-data=18228  
FromELF: creating hex file...
"project.axf" - 0 Error(s), 0 Warning(s).
Rebuild target 'Target 1'
assembling Startup.s...
compiling mutex.c...
compiling list.c...
compiling queue.c...
compiling tasks.c...
compiling port.c...
assembling portASM.s...
compiling heap_2.c...
linking...
Program Size: Code=14044 RO-data=32 RW-data=92 ZI-data=18228  
FromELF: creating hex file...
"project.axf" - 0 Error(s), 0 Warning(s).
