<html>
<body>
<pre>
<h1>µVision Build Log</h1>
<h2>Project:</h2>
D:\SLR\Interlogicx\codes\Practise\RTOS\FREE RTOS\Rtos examples\Tutorial programs\right from scratch\5-binarysem_inter\binarysem.uvproj
Project File Date:  07/22/2017

<h2>Output:</h2>
Rebuild target 'Target 1'
assembling Startup.s...
compiling binarysem.c...
binarysem.c(102): warning:  #550-D: variable "r" was set but never used
binarysem.c(123): warning:  #1-D: last line of file ends without a newline
compiling queue.c...
compiling tasks.c...
compiling list.c...
compiling heap_2.c...
compiling port.c...
assembling portASM.s...
linking...
Program Size: Code=13288 RO-data=32 RW-data=92 ZI-data=18228  
FromELF: creating hex file...
"binarysem.axf" - 0 Error(s), 2 Warning(s).
Rebuild target 'Target 1'
assembling Startup.s...
compiling binarysem.c...
binarysem.c(101): warning:  #550-D: variable "r" was set but never used
binarysem.c(122): warning:  #1-D: last line of file ends without a newline
compiling queue.c...
compiling tasks.c...
compiling list.c...
compiling heap_2.c...
compiling port.c...
assembling portASM.s...
linking...
Program Size: Code=13288 RO-data=32 RW-data=92 ZI-data=18228  
FromELF: creating hex file...
"binarysem.axf" - 0 Error(s), 2 Warning(s).
Rebuild target 'Target 1'
assembling Startup.s...
compiling binarysem.c...
binarysem.c(107): error:  #20: identifier "Received" is undefined
binarysem.c(107): error:  #18: expected a ")"
binarysem.c(107): error:  #8: missing closing quote
binarysem.c(101): warning:  #550-D: variable "r" was set but never used
binarysem.c(122): warning:  #1-D: last line of file ends without a newline
compiling queue.c...
compiling tasks.c...
compiling list.c...
compiling heap_2.c...
compiling port.c...
assembling portASM.s...
Target not created
Rebuild target 'Target 1'
assembling Startup.s...
compiling binarysem.c...
binarysem.c(107): error:  #167: argument of type "char *" is incompatible with parameter of type "unsigned char"
binarysem.c(122): warning:  #1-D: last line of file ends without a newline
compiling queue.c...
compiling tasks.c...
compiling list.c...
compiling heap_2.c...
compiling port.c...
assembling portASM.s...
Target not created
Rebuild target 'Target 1'
assembling Startup.s...
compiling binarysem.c...
binarysem.c(122): warning:  #1-D: last line of file ends without a newline
compiling queue.c...
compiling tasks.c...
compiling list.c...
compiling heap_2.c...
compiling port.c...
assembling portASM.s...
linking...
Program Size: Code=13328 RO-data=32 RW-data=92 ZI-data=18228  
FromELF: creating hex file...
"binarysem.axf" - 0 Error(s), 1 Warning(s).
Rebuild target 'Target 1'
assembling Startup.s...
compiling binarysem.c...
binarysem.c(123): warning:  #1-D: last line of file ends without a newline
compiling queue.c...
compiling tasks.c...
compiling list.c...
compiling heap_2.c...
compiling port.c...
assembling portASM.s...
linking...
Program Size: Code=13360 RO-data=32 RW-data=92 ZI-data=18228  
FromELF: creating hex file...
"binarysem.axf" - 0 Error(s), 1 Warning(s).
Rebuild target 'Target 1'
assembling Startup.s...
compiling binarysem.c...
binarysem.c(122): warning:  #1-D: last line of file ends without a newline
compiling queue.c...
compiling tasks.c...
compiling list.c...
compiling heap_2.c...
compiling port.c...
assembling portASM.s...
linking...
Program Size: Code=13360 RO-data=32 RW-data=92 ZI-data=18228  
FromELF: creating hex file...
"binarysem.axf" - 0 Error(s), 1 Warning(s).
Rebuild target 'Target 1'
assembling Startup.s...
compiling binarysem.c...
binarysem.c(122): warning:  #1-D: last line of file ends without a newline
compiling queue.c...
compiling tasks.c...
compiling list.c...
compiling heap_2.c...
compiling port.c...
assembling portASM.s...
linking...
Program Size: Code=13368 RO-data=32 RW-data=92 ZI-data=18228  
FromELF: creating hex file...
"binarysem.axf" - 0 Error(s), 1 Warning(s).
Rebuild target 'Target 1'
assembling Startup.s...
compiling binarysem.c...
binarysem.c(113): warning:  #1-D: last line of file ends without a newline
compiling queue.c...
compiling tasks.c...
compiling list.c...
compiling heap_2.c...
compiling port.c...
assembling portASM.s...
linking...
Program Size: Code=13368 RO-data=32 RW-data=92 ZI-data=18228  
FromELF: creating hex file...
"binarysem.axf" - 0 Error(s), 1 Warning(s).
Build target 'Target 1'
compiling binarysem.c...
binarysem.c(113): warning:  #1-D: last line of file ends without a newline
linking...
Program Size: Code=13368 RO-data=32 RW-data=92 ZI-data=18228  
FromELF: creating hex file...
"binarysem.axf" - 0 Error(s), 1 Warning(s).
Rebuild target 'Target 1'
assembling Startup.s...
compiling binarysem.c...
binarysem.c(113): warning:  #1-D: last line of file ends without a newline
compiling queue.c...
compiling tasks.c...
compiling list.c...
compiling heap_2.c...
compiling port.c...
assembling portASM.s...
linking...
Program Size: Code=13364 RO-data=32 RW-data=92 ZI-data=18228  
FromELF: creating hex file...
"binarysem.axf" - 0 Error(s), 1 Warning(s).
Rebuild target 'Target 1'
assembling Startup.s...
compiling binarysem.c...
binarysem.c(113): warning:  #1-D: last line of file ends without a newline
compiling queue.c...
compiling tasks.c...
compiling list.c...
compiling heap_2.c...
compiling port.c...
assembling portASM.s...
linking...
Program Size: Code=13364 RO-data=32 RW-data=92 ZI-data=18228  
FromELF: creating hex file...
"binarysem.axf" - 0 Error(s), 1 Warning(s).
Rebuild target 'Target 1'
assembling Startup.s...
compiling binarysem.c...
binarysem.c(113): warning:  #1-D: last line of file ends without a newline
compiling queue.c...
compiling tasks.c...
compiling list.c...
compiling heap_2.c...
compiling port.c...
assembling portASM.s...
linking...
Program Size: Code=13364 RO-data=32 RW-data=92 ZI-data=18228  
FromELF: creating hex file...
"binarysem.axf" - 0 Error(s), 1 Warning(s).
Rebuild target 'Target 1'
assembling Startup.s...
compiling binarysem.c...
binarysem.c(113): warning:  #1-D: last line of file ends without a newline
compiling queue.c...
compiling tasks.c...
compiling list.c...
compiling heap_2.c...
compiling port.c...
assembling portASM.s...
linking...
Program Size: Code=13364 RO-data=32 RW-data=92 ZI-data=18228  
FromELF: creating hex file...
"binarysem.axf" - 0 Error(s), 1 Warning(s).
Rebuild target 'Target 1'
assembling Startup.s...
compiling binarysem.c...
binarysem.c(114): warning:  #1-D: last line of file ends without a newline
compiling queue.c...
compiling tasks.c...
compiling list.c...
compiling heap_2.c...
compiling port.c...
assembling portASM.s...
linking...
Program Size: Code=13372 RO-data=32 RW-data=92 ZI-data=18228  
FromELF: creating hex file...
"binarysem.axf" - 0 Error(s), 1 Warning(s).
Rebuild target 'Target 1'
assembling Startup.s...
compiling binarysem.c...
binarysem.c(114): warning:  #1-D: last line of file ends without a newline
compiling queue.c...
compiling tasks.c...
compiling list.c...
compiling heap_2.c...
compiling port.c...
assembling portASM.s...
linking...
Program Size: Code=13372 RO-data=32 RW-data=92 ZI-data=18228  
FromELF: creating hex file...
"binarysem.axf" - 0 Error(s), 1 Warning(s).
Rebuild target 'Target 1'
assembling Startup.s...
compiling binarysem.c...
binarysem.c(114): warning:  #1-D: last line of file ends without a newline
compiling queue.c...
compiling tasks.c...
compiling list.c...
compiling heap_2.c...
compiling port.c...
assembling portASM.s...
linking...
Program Size: Code=13368 RO-data=32 RW-data=92 ZI-data=18228  
FromELF: creating hex file...
"binarysem.axf" - 0 Error(s), 1 Warning(s).
Rebuild target 'Target 1'
assembling Startup.s...
compiling binarysem.c...
binarysem.c(114): warning:  #1-D: last line of file ends without a newline
compiling queue.c...
compiling tasks.c...
compiling list.c...
compiling heap_2.c...
compiling port.c...
assembling portASM.s...
linking...
Program Size: Code=13316 RO-data=32 RW-data=92 ZI-data=18228  
FromELF: creating hex file...
"binarysem.axf" - 0 Error(s), 1 Warning(s).
Rebuild target 'Target 1'
assembling Startup.s...
compiling binarysem.c...
binarysem.c(103): warning:  #1-D: last line of file ends without a newline
compiling queue.c...
compiling tasks.c...
compiling list.c...
compiling heap_2.c...
compiling port.c...
assembling portASM.s...
linking...
Program Size: Code=13264 RO-data=32 RW-data=92 ZI-data=18228  
FromELF: creating hex file...
"binarysem.axf" - 0 Error(s), 1 Warning(s).
Rebuild target 'Target 1'
assembling Startup.s...
compiling binarysem.c...
binarysem.c(102): warning:  #1-D: last line of file ends without a newline
compiling queue.c...
compiling tasks.c...
compiling list.c...
compiling heap_2.c...
compiling port.c...
assembling portASM.s...
linking...
Program Size: Code=13256 RO-data=32 RW-data=92 ZI-data=18228  
FromELF: creating hex file...
"binarysem.axf" - 0 Error(s), 1 Warning(s).
Rebuild target 'Target 1'
assembling Startup.s...
compiling binarysem.c...
binarysem.c(102): warning:  #1-D: last line of file ends without a newline
compiling queue.c...
compiling tasks.c...
compiling list.c...
compiling heap_2.c...
compiling port.c...
assembling portASM.s...
linking...
Program Size: Code=13260 RO-data=32 RW-data=92 ZI-data=18228  
FromELF: creating hex file...
"binarysem.axf" - 0 Error(s), 1 Warning(s).
Rebuild target 'Target 1'
assembling Startup.s...
compiling binarysem.c...
binarysem.c(102): warning:  #1-D: last line of file ends without a newline
compiling queue.c...
compiling tasks.c...
compiling list.c...
compiling heap_2.c...
compiling port.c...
assembling portASM.s...
linking...
Program Size: Code=13256 RO-data=32 RW-data=92 ZI-data=18228  
FromELF: creating hex file...
"binarysem.axf" - 0 Error(s), 1 Warning(s).
Rebuild target 'Target 1'
assembling Startup.s...
compiling binarysem.c...
binarysem.c(103): warning:  #1-D: last line of file ends without a newline
compiling queue.c...
compiling tasks.c...
compiling list.c...
compiling heap_2.c...
compiling port.c...
assembling portASM.s...
linking...
Program Size: Code=13264 RO-data=32 RW-data=92 ZI-data=18228  
FromELF: creating hex file...
"binarysem.axf" - 0 Error(s), 1 Warning(s).
