<html>
<body>
<pre>
<h1>µVision Build Log</h1>
<h2>Project:</h2>
D:\SLR\Interlogicx\codes\Practise\ARM\Timer\timer0 match reg0\project.uvproj
Project File Date:  06/06/2015

<h2>Output:</h2>
Rebuild target 'Target 1'
assembling Startup.s...
compiling code.c...
code.c(42): warning:  #1-D: last line of file ends without a newline
linking...
Program Size: Code=676 RO-data=16 RW-data=0 ZI-data=1256  
FromELF: creating hex file...
"project.axf" - 0 Error(s), 1 Warning(s).
Rebuild target 'Target 1'
assembling Startup.s...
compiling code.c...
code.c(42): warning:  #1-D: last line of file ends without a newline
linking...
Program Size: Code=676 RO-data=16 RW-data=0 ZI-data=1256  
FromELF: creating hex file...
"project.axf" - 0 Error(s), 1 Warning(s).
Rebuild target 'Target 1'
assembling Startup.s...
compiling code.c...
code.c(41): warning:  #1-D: last line of file ends without a newline
linking...
Program Size: Code=676 RO-data=16 RW-data=0 ZI-data=1256  
FromELF: creating hex file...
"project.axf" - 0 Error(s), 1 Warning(s).
Rebuild target 'Target 1'
assembling Startup.s...
compiling code.c...
code.c(41): warning:  #1-D: last line of file ends without a newline
linking...
Program Size: Code=676 RO-data=16 RW-data=0 ZI-data=1256  
FromELF: creating hex file...
"project.axf" - 0 Error(s), 1 Warning(s).
Rebuild target 'Target 1'
assembling Startup.s...
compiling code.c...
code.c(41): warning:  #1-D: last line of file ends without a newline
linking...
Program Size: Code=676 RO-data=16 RW-data=0 ZI-data=1256  
FromELF: creating hex file...
"project.axf" - 0 Error(s), 1 Warning(s).
Build target 'Target 1'
linking...
Program Size: Code=676 RO-data=16 RW-data=0 ZI-data=1256  
FromELF: creating hex file...
"project.axf" - 0 Error(s), 0 Warning(s).
