<html>
<body>
<pre>
<h1>µVision Build Log</h1>
<h2>Project:</h2>
D:\SLR\Interlogicx\codes\Practise\ARM\RFID\project.uvproj
Project File Date:  07/18/2017

<h2>Output:</h2>
Rebuild target 'Target 1'
assembling Startup.s...
linking...
project.axf: Warning: L6665W: Neither Lib$$Request$$armlib Lib$$Request$$cpplib defined, not searching ARM libraries.
project.axf: Error: L6411E: No compatible library exists with a definition of startup symbol __main.
Target not created
Rebuild target 'Target 1'
assembling Startup.s...
compiling main.c...
main.c(17): warning:  #951-D: return type of function "main" must be "int"
main.c(24): error:  #20: identifier "i" is undefined
main.c(25): error:  #20: identifier "id" is undefined
Target not created
Rebuild target 'Target 1'
assembling Startup.s...
compiling main.c...
main.c(17): warning:  #951-D: return type of function "main" must be "int"
main.c(26): error:  #20: identifier "id" is undefined
Target not created
Rebuild target 'Target 1'
assembling Startup.s...
compiling main.c...
main.c(26): error:  #20: identifier "id" is undefined
Target not created
Rebuild target 'Target 1'
assembling Startup.s...
compiling main.c...
linking...
Program Size: Code=1268 RO-data=16 RW-data=0 ZI-data=1256  
"project.axf" - 0 Error(s), 0 Warning(s).
Rebuild target 'Target 1'
assembling Startup.s...
compiling main.c...
linking...
Program Size: Code=1280 RO-data=16 RW-data=0 ZI-data=1256  
"project.axf" - 0 Error(s), 0 Warning(s).
Rebuild target 'Target 1'
assembling Startup.s...
compiling main.c...
linking...
Program Size: Code=1280 RO-data=16 RW-data=0 ZI-data=1256  
"project.axf" - 0 Error(s), 0 Warning(s).
