<html>
<body>
<pre>
<h1>µVision Build Log</h1>
<h2>Project:</h2>
D:\SLR\Interlogicx\codes\Practise\RTOS\FREE RTOS\Rtos examples\Tutorial programs\right from scratch\3-Binary semaphore\binarysem.uvproj
Project File Date:  08/28/2016

<h2>Output:</h2>
Rebuild target 'Target 1'
assembling Startup.s...
compiling binarysem.c...
compiling list.c...
compiling queue.c...
compiling tasks.c...
compiling port.c...
assembling portASM.s...
compiling heap_2.c...
linking...
Program Size: Code=13168 RO-data=32 RW-data=88 ZI-data=18232  
FromELF: creating hex file...
"binarysem.axf" - 0 Error(s), 0 Warning(s).
Rebuild target 'Target 1'
assembling Startup.s...
compiling binarysem.c...
compiling list.c...
compiling queue.c...
compiling tasks.c...
compiling port.c...
assembling portASM.s...
compiling heap_2.c...
linking...
Program Size: Code=13168 RO-data=32 RW-data=88 ZI-data=18232  
FromELF: creating hex file...
"binarysem.axf" - 0 Error(s), 0 Warning(s).
Rebuild target 'Target 1'
assembling Startup.s...
compiling binarysem.c...
compiling list.c...
compiling queue.c...
compiling tasks.c...
compiling port.c...
assembling portASM.s...
compiling heap_2.c...
linking...
Program Size: Code=13152 RO-data=32 RW-data=88 ZI-data=18232  
FromELF: creating hex file...
"binarysem.axf" - 0 Error(s), 0 Warning(s).
Rebuild target 'Target 1'
assembling Startup.s...
compiling binarysem.c...
compiling list.c...
compiling queue.c...
compiling tasks.c...
compiling port.c...
assembling portASM.s...
compiling heap_2.c...
linking...
Program Size: Code=13152 RO-data=32 RW-data=88 ZI-data=18232  
FromELF: creating hex file...
"binarysem.axf" - 0 Error(s), 0 Warning(s).
Rebuild target 'Target 1'
assembling Startup.s...
compiling binarysem.c...
compiling list.c...
compiling queue.c...
compiling tasks.c...
compiling port.c...
assembling portASM.s...
compiling heap_2.c...
linking...
Program Size: Code=13168 RO-data=32 RW-data=88 ZI-data=18232  
FromELF: creating hex file...
"binarysem.axf" - 0 Error(s), 0 Warning(s).
Rebuild target 'Target 1'
assembling Startup.s...
compiling binarysem.c...
compiling list.c...
compiling queue.c...
compiling tasks.c...
compiling port.c...
assembling portASM.s...
compiling heap_2.c...
linking...
Program Size: Code=13168 RO-data=32 RW-data=88 ZI-data=18232  
FromELF: creating hex file...
"binarysem.axf" - 0 Error(s), 0 Warning(s).
Rebuild target 'Target 1'
assembling Startup.s...
compiling binarysem.c...
compiling list.c...
compiling queue.c...
compiling tasks.c...
compiling port.c...
assembling portASM.s...
compiling heap_2.c...
linking...
Program Size: Code=13152 RO-data=32 RW-data=88 ZI-data=18232  
FromELF: creating hex file...
"binarysem.axf" - 0 Error(s), 0 Warning(s).
Rebuild target 'Target 1'
assembling Startup.s...
compiling binarysem.c...
compiling list.c...
compiling queue.c...
compiling tasks.c...
compiling port.c...
assembling portASM.s...
compiling heap_2.c...
linking...
Program Size: Code=13148 RO-data=32 RW-data=88 ZI-data=18232  
FromELF: creating hex file...
"binarysem.axf" - 0 Error(s), 0 Warning(s).
Rebuild target 'Target 1'
assembling Startup.s...
compiling binarysem.c...
compiling list.c...
compiling queue.c...
compiling tasks.c...
compiling port.c...
assembling portASM.s...
compiling heap_2.c...
linking...
Program Size: Code=13144 RO-data=32 RW-data=88 ZI-data=18232  
FromELF: creating hex file...
"binarysem.axf" - 0 Error(s), 0 Warning(s).
Rebuild target 'Target 1'
assembling Startup.s...
compiling binarysem.c...
compiling list.c...
compiling queue.c...
compiling tasks.c...
compiling port.c...
assembling portASM.s...
compiling heap_2.c...
linking...
Program Size: Code=13152 RO-data=32 RW-data=88 ZI-data=18232  
FromELF: creating hex file...
"binarysem.axf" - 0 Error(s), 0 Warning(s).
Rebuild target 'Target 1'
assembling Startup.s...
compiling binarysem.c...
compiling list.c...
compiling queue.c...
compiling tasks.c...
compiling port.c...
assembling portASM.s...
compiling heap_2.c...
linking...
Program Size: Code=13168 RO-data=32 RW-data=88 ZI-data=18232  
FromELF: creating hex file...
"binarysem.axf" - 0 Error(s), 0 Warning(s).
Rebuild target 'Target 1'
assembling Startup.s...
compiling binarysem.c...
compiling list.c...
compiling queue.c...
compiling tasks.c...
compiling port.c...
assembling portASM.s...
compiling heap_2.c...
linking...
Program Size: Code=13072 RO-data=32 RW-data=88 ZI-data=18232  
FromELF: creating hex file...
"binarysem.axf" - 0 Error(s), 0 Warning(s).
Rebuild target 'Target 1'
assembling Startup.s...
compiling binarysem.c...
compiling list.c...
compiling queue.c...
compiling tasks.c...
compiling port.c...
assembling portASM.s...
compiling heap_2.c...
linking...
Program Size: Code=13168 RO-data=32 RW-data=88 ZI-data=18232  
FromELF: creating hex file...
"binarysem.axf" - 0 Error(s), 0 Warning(s).
Rebuild target 'Target 1'
assembling Startup.s...
compiling binarysem.c...
compiling list.c...
compiling queue.c...
compiling tasks.c...
compiling port.c...
assembling portASM.s...
compiling heap_2.c...
linking...
Program Size: Code=13168 RO-data=32 RW-data=88 ZI-data=18232  
FromELF: creating hex file...
"binarysem.axf" - 0 Error(s), 0 Warning(s).
Rebuild target 'Target 1'
assembling Startup.s...
compiling binarysem.c...
compiling list.c...
compiling queue.c...
compiling tasks.c...
compiling port.c...
assembling portASM.s...
compiling heap_2.c...
linking...
Program Size: Code=13168 RO-data=32 RW-data=88 ZI-data=18232  
FromELF: creating hex file...
"binarysem.axf" - 0 Error(s), 0 Warning(s).
Rebuild target 'Target 1'
assembling Startup.s...
compiling binarysem.c...
compiling list.c...
compiling queue.c...
compiling tasks.c...
compiling port.c...
assembling portASM.s...
compiling heap_2.c...
linking...
Program Size: Code=13168 RO-data=32 RW-data=88 ZI-data=18232  
FromELF: creating hex file...
"binarysem.axf" - 0 Error(s), 0 Warning(s).
