<html>
<body>
<pre>
<h1>µVision Build Log</h1>
<h2>Project:</h2>
D:\SLR\Interlogicx\codes\Practise\RTOS\FREE RTOS\Rtos examples\Tutorial programs\right from scratch\8-queue\queue.uvproj
Project File Date:  08/28/2016

<h2>Output:</h2>
Rebuild target 'Target 1'
assembling Startup.s...
compiling tasks.c...
compiling list.c...
compiling heap_2.c...
compiling port.c...
assembling portASM.s...
compiling queuemain.c...
queuemain.c(4): error:  #5: cannot open source input file "uart0.h": No such file or directory
compiling queue.c...
Target not created
Rebuild target 'Target 1'
assembling Startup.s...
compiling tasks.c...
compiling list.c...
compiling heap_2.c...
compiling port.c...
assembling portASM.s...
compiling queuemain.c...
compiling queue.c...
linking...
Program Size: Code=13080 RO-data=32 RW-data=88 ZI-data=18232  
FromELF: creating hex file...
"queue.axf" - 0 Error(s), 0 Warning(s).
Rebuild target 'Target 1'
assembling Startup.s...
compiling tasks.c...
compiling list.c...
compiling heap_2.c...
compiling port.c...
assembling portASM.s...
compiling queuemain.c...
compiling queue.c...
linking...
Program Size: Code=13080 RO-data=32 RW-data=88 ZI-data=18232  
FromELF: creating hex file...
"queue.axf" - 0 Error(s), 0 Warning(s).
Rebuild target 'Target 1'
assembling Startup.s...
compiling tasks.c...
compiling list.c...
compiling heap_2.c...
compiling port.c...
assembling portASM.s...
compiling queuemain.c...
compiling queue.c...
linking...
Program Size: Code=13080 RO-data=32 RW-data=88 ZI-data=18232  
FromELF: creating hex file...
"queue.axf" - 0 Error(s), 0 Warning(s).
Rebuild target 'Target 1'
assembling Startup.s...
compiling tasks.c...
compiling list.c...
compiling heap_2.c...
compiling port.c...
assembling portASM.s...
compiling queuemain.c...
compiling queue.c...
linking...
Program Size: Code=13080 RO-data=32 RW-data=88 ZI-data=18232  
FromELF: creating hex file...
"queue.axf" - 0 Error(s), 0 Warning(s).
Rebuild target 'Target 1'
assembling Startup.s...
compiling tasks.c...
compiling list.c...
compiling heap_2.c...
compiling port.c...
assembling portASM.s...
compiling queuemain.c...
compiling queue.c...
linking...
Program Size: Code=13080 RO-data=32 RW-data=88 ZI-data=18232  
FromELF: creating hex file...
"queue.axf" - 0 Error(s), 0 Warning(s).
Rebuild target 'Target 1'
assembling Startup.s...
compiling tasks.c...
compiling list.c...
compiling heap_2.c...
compiling port.c...
assembling portASM.s...
compiling queuemain.c...
compiling queue.c...
linking...
Program Size: Code=13080 RO-data=32 RW-data=88 ZI-data=18232  
FromELF: creating hex file...
"queue.axf" - 0 Error(s), 0 Warning(s).
Rebuild target 'Target 1'
assembling Startup.s...
compiling tasks.c...
compiling list.c...
compiling heap_2.c...
compiling port.c...
assembling portASM.s...
compiling queuemain.c...
compiling queue.c...
linking...
Program Size: Code=13080 RO-data=32 RW-data=88 ZI-data=18232  
FromELF: creating hex file...
"queue.axf" - 0 Error(s), 0 Warning(s).
Rebuild target 'Target 1'
assembling Startup.s...
compiling tasks.c...
compiling list.c...
compiling heap_2.c...
compiling port.c...
assembling portASM.s...
compiling queuemain.c...
queuemain.c(19): error:  #20: identifier "sender_back" is undefined
queuemain.c(20): error:  #20: identifier "sender_front" is undefined
compiling queue.c...
Target not created
Rebuild target 'Target 1'
assembling Startup.s...
compiling tasks.c...
compiling list.c...
compiling heap_2.c...
compiling port.c...
assembling portASM.s...
compiling queuemain.c...
compiling queue.c...
linking...
Program Size: Code=13228 RO-data=32 RW-data=88 ZI-data=18232  
FromELF: creating hex file...
"queue.axf" - 0 Error(s), 0 Warning(s).
Rebuild target 'Target 1'
assembling Startup.s...
compiling tasks.c...
compiling list.c...
compiling heap_2.c...
compiling port.c...
assembling portASM.s...
compiling queuemain.c...
compiling queue.c...
linking...
Program Size: Code=13080 RO-data=32 RW-data=88 ZI-data=18232  
FromELF: creating hex file...
"queue.axf" - 0 Error(s), 0 Warning(s).
Rebuild target 'Target 1'
assembling Startup.s...
compiling tasks.c...
compiling list.c...
compiling heap_2.c...
compiling port.c...
assembling portASM.s...
compiling queuemain.c...
compiling queue.c...
linking...
Program Size: Code=13080 RO-data=32 RW-data=88 ZI-data=18232  
FromELF: creating hex file...
"queue.axf" - 0 Error(s), 0 Warning(s).
Rebuild target 'Target 1'
assembling Startup.s...
compiling tasks.c...
compiling list.c...
compiling heap_2.c...
compiling port.c...
assembling portASM.s...
compiling queuemain.c...
compiling queue.c...
linking...
Program Size: Code=13080 RO-data=32 RW-data=88 ZI-data=18232  
FromELF: creating hex file...
"queue.axf" - 0 Error(s), 0 Warning(s).
Rebuild target 'Target 1'
assembling Startup.s...
compiling tasks.c...
compiling list.c...
compiling heap_2.c...
compiling port.c...
assembling portASM.s...
compiling queuemain.c...
compiling queue.c...
linking...
Program Size: Code=13112 RO-data=32 RW-data=88 ZI-data=18232  
FromELF: creating hex file...
"queue.axf" - 0 Error(s), 0 Warning(s).
Rebuild target 'Target 1'
assembling Startup.s...
compiling tasks.c...
compiling list.c...
compiling heap_2.c...
compiling port.c...
assembling portASM.s...
compiling queuemain.c...
compiling queue.c...
linking...
Program Size: Code=13112 RO-data=32 RW-data=88 ZI-data=18232  
FromELF: creating hex file...
"queue.axf" - 0 Error(s), 0 Warning(s).
Rebuild target 'Target 1'
assembling Startup.s...
compiling tasks.c...
compiling list.c...
compiling heap_2.c...
compiling port.c...
assembling portASM.s...
compiling queuemain.c...
compiling queue.c...
linking...
Program Size: Code=13080 RO-data=32 RW-data=88 ZI-data=18232  
FromELF: creating hex file...
"queue.axf" - 0 Error(s), 0 Warning(s).
