Component: ARM Compiler 6.15 Tool: armlink [5dd79300]

==============================================================================

Section Cross References

    main.o(.text.main) refers to system_stm32f4xx.o(.text.SystemCoreClockUpdate) for SystemCoreClockUpdate
    main.o(.text.main) refers to rtx_kernel.o(.text.osKernelInitialize) for osKernelInitialize
    main.o(.text.main) refers to main.o(.text.LED_Blink_PortD) for LED_Blink_PortD
    main.o(.text.main) refers to rtx_thread.o(.text.osThreadNew) for osThreadNew
    main.o(.text.main) refers to main.o(.text.LED_Blink_PortE) for LED_Blink_PortE
    main.o(.text.main) refers to rtx_kernel.o(.text.osKernelStart) for osKernelStart
    main.o(.ARM.exidx.text.main) refers to main.o(.text.main) for [Anonymous Symbol]
    main.o(.text.LED_Blink_PortD) refers to rtx_delay.o(.text.osDelay) for osDelay
    main.o(.ARM.exidx.text.LED_Blink_PortD) refers to main.o(.text.LED_Blink_PortD) for [Anonymous Symbol]
    main.o(.text.LED_Blink_PortE) refers to rtx_delay.o(.text.osDelay) for osDelay
    main.o(.ARM.exidx.text.LED_Blink_PortE) refers to main.o(.text.LED_Blink_PortE) for [Anonymous Symbol]
    irq_cm4f.o(.text) refers to rtx_system.o(.text.osRtxPendSV_Handler) for osRtxPendSV_Handler
    irq_cm4f.o(.text) refers to rtx_system.o(.text.osRtxTick_Handler) for osRtxTick_Handler
    irq_cm4f.o(.text) refers to rtx_kernel.o(.data.os) for osRtxInfo
    irq_cm4f.o(.text) refers to rtx_lib.o(.rodata.osRtxUserSVC) for osRtxUserSVC
    rtx_delay.o(.text.osDelay) refers to rtx_evr.o(.text.EvrRtxDelay) for EvrRtxDelay
    rtx_delay.o(.text.osDelay) refers to rtx_delay.o(.text.IsIrqMode) for IsIrqMode
    rtx_delay.o(.text.osDelay) refers to rtx_delay.o(.text.IsIrqMasked) for IsIrqMasked
    rtx_delay.o(.text.osDelay) refers to rtx_evr.o(.text.EvrRtxDelayError) for EvrRtxDelayError
    rtx_delay.o(.text.osDelay) refers to rtx_delay.o(.text.svcRtxDelay) for svcRtxDelay
    rtx_delay.o(.ARM.exidx.text.osDelay) refers to rtx_delay.o(.text.osDelay) for [Anonymous Symbol]
    rtx_delay.o(.ARM.exidx.text.IsIrqMode) refers to rtx_delay.o(.text.IsIrqMode) for [Anonymous Symbol]
    rtx_delay.o(.ARM.exidx.text.IsIrqMasked) refers to rtx_delay.o(.text.IsIrqMasked) for [Anonymous Symbol]
    rtx_delay.o(.text.osDelayUntil) refers to rtx_evr.o(.text.EvrRtxDelayUntil) for EvrRtxDelayUntil
    rtx_delay.o(.text.osDelayUntil) refers to rtx_delay.o(.text.IsIrqMode) for IsIrqMode
    rtx_delay.o(.text.osDelayUntil) refers to rtx_delay.o(.text.IsIrqMasked) for IsIrqMasked
    rtx_delay.o(.text.osDelayUntil) refers to rtx_evr.o(.text.EvrRtxDelayError) for EvrRtxDelayError
    rtx_delay.o(.text.osDelayUntil) refers to rtx_delay.o(.text.svcRtxDelayUntil) for svcRtxDelayUntil
    rtx_delay.o(.ARM.exidx.text.osDelayUntil) refers to rtx_delay.o(.text.osDelayUntil) for [Anonymous Symbol]
    rtx_delay.o(.text.svcRtxDelay) refers to rtx_thread.o(.text.osRtxThreadWaitEnter) for osRtxThreadWaitEnter
    rtx_delay.o(.text.svcRtxDelay) refers to rtx_evr.o(.text.EvrRtxDelayStarted) for EvrRtxDelayStarted
    rtx_delay.o(.text.svcRtxDelay) refers to rtx_delay.o(.text.osRtxThreadGetRunning) for osRtxThreadGetRunning
    rtx_delay.o(.text.svcRtxDelay) refers to rtx_evr.o(.text.EvrRtxDelayCompleted) for EvrRtxDelayCompleted
    rtx_delay.o(.ARM.exidx.text.svcRtxDelay) refers to rtx_delay.o(.text.svcRtxDelay) for [Anonymous Symbol]
    rtx_delay.o(.text.osRtxThreadGetRunning) refers to rtx_kernel.o(.data.os) for osRtxInfo
    rtx_delay.o(.ARM.exidx.text.osRtxThreadGetRunning) refers to rtx_delay.o(.text.osRtxThreadGetRunning) for [Anonymous Symbol]
    rtx_delay.o(.text.svcRtxDelayUntil) refers to rtx_kernel.o(.data.os) for osRtxInfo
    rtx_delay.o(.text.svcRtxDelayUntil) refers to rtx_thread.o(.text.osRtxThreadWaitEnter) for osRtxThreadWaitEnter
    rtx_delay.o(.text.svcRtxDelayUntil) refers to rtx_evr.o(.text.EvrRtxDelayUntilStarted) for EvrRtxDelayUntilStarted
    rtx_delay.o(.text.svcRtxDelayUntil) refers to rtx_evr.o(.text.EvrRtxDelayError) for EvrRtxDelayError
    rtx_delay.o(.text.svcRtxDelayUntil) refers to rtx_delay.o(.text.osRtxThreadGetRunning) for osRtxThreadGetRunning
    rtx_delay.o(.text.svcRtxDelayUntil) refers to rtx_evr.o(.text.EvrRtxDelayCompleted) for EvrRtxDelayCompleted
    rtx_delay.o(.ARM.exidx.text.svcRtxDelayUntil) refers to rtx_delay.o(.text.svcRtxDelayUntil) for [Anonymous Symbol]
    rtx_evflags.o(.text.osEventFlagsNew) refers to rtx_evr.o(.text.EvrRtxEventFlagsNew) for EvrRtxEventFlagsNew
    rtx_evflags.o(.text.osEventFlagsNew) refers to rtx_evflags.o(.text.IsIrqMode) for IsIrqMode
    rtx_evflags.o(.text.osEventFlagsNew) refers to rtx_evflags.o(.text.IsIrqMasked) for IsIrqMasked
    rtx_evflags.o(.text.osEventFlagsNew) refers to rtx_evr.o(.text.EvrRtxEventFlagsError) for EvrRtxEventFlagsError
    rtx_evflags.o(.text.osEventFlagsNew) refers to rtx_evflags.o(.text.svcRtxEventFlagsNew) for svcRtxEventFlagsNew
[...]
    [Anonymous Symbol]                       0x08001014   Section        0  rtx_system.o(.text.osRtxKernelGetState)
    osRtxKernelGetState                      0x08001021   Thumb Code    12  rtx_thread.o(.text.osRtxKernelGetState)
    [Anonymous Symbol]                       0x08001020   Section        0  rtx_thread.o(.text.osRtxKernelGetState)
    [Anonymous Symbol]                       0x0800102c   Section        0  rtx_kernel.o(.text.osRtxKernelPreInit)
    osRtxKernelState                         0x08001031   Thumb Code    12  rtx_kernel.o(.text.osRtxKernelState)
    [Anonymous Symbol]                       0x08001030   Section        0  rtx_kernel.o(.text.osRtxKernelState)
    [Anonymous Symbol]                       0x0800103c   Section        0  rtx_memory.o(.text.osRtxMemoryAlloc)
    [Anonymous Symbol]                       0x0800110c   Section        0  rtx_memory.o(.text.osRtxMemoryFree)
    [Anonymous Symbol]                       0x08001184   Section        0  rtx_memory.o(.text.osRtxMemoryInit)
    [Anonymous Symbol]                       0x080011e8   Section        0  rtx_mempool.o(.text.osRtxMemoryPoolAlloc)
    [Anonymous Symbol]                       0x08001214   Section        0  rtx_mempool.o(.text.osRtxMemoryPoolFree)
    [Anonymous Symbol]                       0x08001258   Section        0  rtx_mempool.o(.text.osRtxMemoryPoolInit)
    osRtxMemoryPoolObject                    0x080012b9   Thumb Code     2  rtx_system.o(.text.osRtxMemoryPoolObject)
    [Anonymous Symbol]                       0x080012b8   Section        0  rtx_system.o(.text.osRtxMemoryPoolObject)
    osRtxMemoryPoolObject                    0x080012bd   Thumb Code     2  rtx_thread.o(.text.osRtxMemoryPoolObject)
    [Anonymous Symbol]                       0x080012bc   Section        0  rtx_thread.o(.text.osRtxMemoryPoolObject)
    osRtxMessageObject                       0x080012c1   Thumb Code     2  rtx_system.o(.text.osRtxMessageObject)
    [Anonymous Symbol]                       0x080012c0   Section        0  rtx_system.o(.text.osRtxMessageObject)
    osRtxMessageQueueId                      0x080012c5   Thumb Code     2  rtx_msgqueue.o(.text.osRtxMessageQueueId)
    [Anonymous Symbol]                       0x080012c4   Section        0  rtx_msgqueue.o(.text.osRtxMessageQueueId)
    osRtxMessageQueueId                      0x080012c9   Thumb Code     2  rtx_timer.o(.text.osRtxMessageQueueId)
    [Anonymous Symbol]                       0x080012c8   Section        0  rtx_timer.o(.text.osRtxMessageQueueId)
    osRtxMessageQueueObject                  0x080012cd   Thumb Code     2  rtx_thread.o(.text.osRtxMessageQueueObject)
    [Anonymous Symbol]                       0x080012cc   Section        0  rtx_thread.o(.text.osRtxMessageQueueObject)
    osRtxMessageQueuePostProcess             0x080012d1   Thumb Code   258  rtx_msgqueue.o(.text.osRtxMessageQueuePostProcess)
    [Anonymous Symbol]                       0x080012d0   Section        0  rtx_msgqueue.o(.text.osRtxMessageQueuePostProcess)
    osRtxMutexId                             0x080013d5   Thumb Code     2  rtx_mutex.o(.text.osRtxMutexId)
    [Anonymous Symbol]                       0x080013d4   Section        0  rtx_mutex.o(.text.osRtxMutexId)
    osRtxMutexObject                         0x080013d9   Thumb Code     2  rtx_thread.o(.text.osRtxMutexObject)
    [Anonymous Symbol]                       0x080013d8   Section        0  rtx_thread.o(.text.osRtxMutexObject)
    [Anonymous Symbol]                       0x080013dc   Section        0  rtx_mutex.o(.text.osRtxMutexOwnerRelease)
    [Anonymous Symbol]                       0x08001448   Section        0  rtx_mutex.o(.text.osRtxMutexOwnerRestore)
    osRtxObject                              0x08001495   Thumb Code     2  rtx_msgqueue.o(.text.osRtxObject)
    [Anonymous Symbol]                       0x08001494   Section        0  rtx_msgqueue.o(.text.osRtxObject)
    osRtxObject                              0x08001499   Thumb Code     2  rtx_mutex.o(.text.osRtxObject)
    [Anonymous Symbol]                       0x08001498   Section        0  rtx_mutex.o(.text.osRtxObject)
    osRtxObject                              0x0800149d   Thumb Code     2  rtx_system.o(.text.osRtxObject)
    [Anonymous Symbol]                       0x0800149c   Section        0  rtx_system.o(.text.osRtxObject)
    osRtxObject                              0x080014a1   Thumb Code     2  rtx_thread.o(.text.osRtxObject)
    [Anonymous Symbol]                       0x080014a0   Section        0  rtx_thread.o(.text.osRtxObject)
    [Anonymous Symbol]                       0x080014a4   Section        0  rtx_system.o(.text.osRtxPendSV_Handler)
    [Anonymous Symbol]                       0x08001508   Section        0  rtx_system.o(.text.osRtxPostProcess)
    osRtxSemaphoreObject                     0x08001535   Thumb Code     2  rtx_system.o(.text.osRtxSemaphoreObject)
    [Anonymous Symbol]                       0x08001534   Section        0  rtx_system.o(.text.osRtxSemaphoreObject)
    osRtxSemaphoreObject                     0x08001539   Thumb Code     2  rtx_thread.o(.text.osRtxSemaphoreObject)
    [Anonymous Symbol]                       0x08001538   Section        0  rtx_thread.o(.text.osRtxSemaphoreObject)
    osRtxThreadBlock                         0x0800153d   Thumb Code    72  rtx_thread.o(.text.osRtxThreadBlock)
    [Anonymous Symbol]                       0x0800153c   Section        0  rtx_thread.o(.text.osRtxThreadBlock)
    osRtxThreadDelayInsert                   0x08001585   Thumb Code   160  rtx_thread.o(.text.osRtxThreadDelayInsert)
    [Anonymous Symbol]                       0x08001584   Section        0  rtx_thread.o(.text.osRtxThreadDelayInsert)
    osRtxThreadDelayRemove                   0x08001625   Thumb Code    72  rtx_thread.o(.text.osRtxThreadDelayRemove)
    [Anonymous Symbol]                       0x08001624   Section        0  rtx_thread.o(.text.osRtxThreadDelayRemove)
    [Anonymous Symbol]                       0x0800166c   Section        0  rtx_thread.o(.text.osRtxThreadDelayTick)
    [Anonymous Symbol]                       0x08001764   Section        0  rtx_thread.o(.text.osRtxThreadDispatch)
    osRtxThreadFree                          0x080017c5   Thumb Code    96  rtx_thread.o(.text.osRtxThreadFree)
    [Anonymous Symbol]                       0x080017c4   Section        0  rtx_thread.o(.text.osRtxThreadFree)
    osRtxThreadGetRunning                    0x08001825   Thumb Code    12  rtx_delay.o(.text.osRtxThreadGetRunning)
    [Anonymous Symbol]                       0x08001824   Section        0  rtx_delay.o(.text.osRtxThreadGetRunning)
    osRtxThreadGetRunning                    0x08001831   Thumb Code    12  rtx_msgqueue.o(.text.osRtxThreadGetRunning)
    [Anonymous Symbol]                       0x08001830   Section        0  rtx_msgqueue.o(.text.osRtxThreadGetRunning)
    osRtxThreadGetRunning                    0x0800183d   Thumb Code    12  rtx_mutex.o(.text.osRtxThreadGetRunning)
    [Anonymous Symbol]                       0x0800183c   Section        0  rtx_mutex.o(.text.osRtxThreadGetRunning)
    osRtxThreadGetRunning                    0x08001849   Thumb Code    12  rtx_thread.o(.text.osRtxThreadGetRunning)
    [Anonymous Symbol]                       0x08001848   Section        0  rtx_thread.o(.text.osRtxThreadGetRunning)
    osRtxThreadId                            0x08001855   Thumb Code     2  rtx_thread.o(.text.osRtxThreadId)
    [Anonymous Symbol]                       0x08001854   Section        0  rtx_thread.o(.text.osRtxThreadId)
    [Anonymous Symbol]                       0x08001858   Section        0  rtx_thread.o(.text.osRtxThreadListGet)
    [Anonymous Symbol]                       0x08001870   Section        0  rtx_thread.o(.text.osRtxThreadListPut)
    [Anonymous Symbol]                       0x080018a4   Section        0  rtx_thread.o(.text.osRtxThreadListRemove)
    osRtxThreadListRoot                      0x080018c1   Thumb Code    18  rtx_thread.o(.text.osRtxThreadListRoot)
    [Anonymous Symbol]                       0x080018c0   Section        0  rtx_thread.o(.text.osRtxThreadListRoot)
    [Anonymous Symbol]                       0x080018d4   Section        0  rtx_thread.o(.text.osRtxThreadListSort)
    osRtxThreadObject                        0x08001905   Thumb Code     2  rtx_system.o(.text.osRtxThreadObject)
    [Anonymous Symbol]                       0x08001904   Section        0  rtx_system.o(.text.osRtxThreadObject)
    osRtxThreadObject                        0x08001909   Thumb Code     2  rtx_thread.o(.text.osRtxThreadObject)
    [Anonymous Symbol]                       0x08001908   Section        0  rtx_thread.o(.text.osRtxThreadObject)
    osRtxThreadPostProcess                   0x0800190d   Thumb Code    56  rtx_thread.o(.text.osRtxThreadPostProcess)
    [Anonymous Symbol]                       0x0800190c   Section        0  rtx_thread.o(.text.osRtxThreadPostProcess)
    [Anonymous Symbol]                       0x08001944   Section        0  rtx_thread.o(.text.osRtxThreadReadyPut)
    [Anonymous Symbol]                       0x0800195c   Section        0  rtx_thread.o(.text.osRtxThreadRegPtr)
    osRtxThreadSetRunning                    0x0800196d   Thumb Code    14  rtx_thread.o(.text.osRtxThreadSetRunning)
    [Anonymous Symbol]                       0x0800196c   Section        0  rtx_thread.o(.text.osRtxThreadSetRunning)
    [Anonymous Symbol]                       0x0800197c   Section        0  rtx_thread.o(.text.osRtxThreadStackCheck)
    [Anonymous Symbol]                       0x080019a8   Section        0  rtx_thread.o(.text.osRtxThreadStartup)
    [Anonymous Symbol]                       0x080019f8   Section        0  rtx_thread.o(.text.osRtxThreadSwitch)
    [Anonymous Symbol]                       0x08001a18   Section        0  rtx_thread.o(.text.osRtxThreadWaitEnter)
    [Anonymous Symbol]                       0x08001a74   Section        0  rtx_thread.o(.text.osRtxThreadWaitExit)
    [Anonymous Symbol]                       0x08001aa0   Section        0  rtx_system.o(.text.osRtxTick_Handler)
    [Anonymous Symbol]                       0x08001b24   Section        0  rtx_timer.o(.text.osRtxTimerThread)
    osRtxTimerTick                           0x08001b79   Thumb Code    86  rtx_timer.o(.text.osRtxTimerTick)
    [Anonymous Symbol]                       0x08001b78   Section        0  rtx_timer.o(.text.osRtxTimerTick)
    [Anonymous Symbol]                       0x08001bd0   Section        0  rtx_thread.o(.text.osThreadExit)
    [Anonymous Symbol]                       0x08001bec   Section        0  rtx_thread.o(.text.osThreadNew)
    os_kernel_is_active                      0x08001c29   Thumb Code    30  rtx_lib.o(.text.os_kernel_is_active)
    [Anonymous Symbol]                       0x08001c28   Section        0  rtx_lib.o(.text.os_kernel_is_active)
    svcRtxDelay                              0x08001c49   Thumb Code    38  rtx_delay.o(.text.svcRtxDelay)
    [Anonymous Symbol]                       0x08001c48   Section        0  rtx_delay.o(.text.svcRtxDelay)
    svcRtxKernelGetState                     0x08001c71   Thumb Code    16  rtx_kernel.o(.text.svcRtxKernelGetState)
    [Anonymous Symbol]                       0x08001c70   Section        0  rtx_kernel.o(.text.svcRtxKernelGetState)
    svcRtxKernelInitialize                   0x08001c81   Thumb Code   354  rtx_kernel.o(.text.svcRtxKernelInitialize)
    [Anonymous Symbol]                       0x08001c80   Section        0  rtx_kernel.o(.text.svcRtxKernelInitialize)
    svcRtxKernelStart                        0x08001de5   Thumb Code   128  rtx_kernel.o(.text.svcRtxKernelStart)
    [Anonymous Symbol]                       0x08001de4   Section        0  rtx_kernel.o(.text.svcRtxKernelStart)
    svcRtxMessageQueueGet                    0x08001e65   Thumb Code   306  rtx_msgqueue.o(.text.svcRtxMessageQueueGet)
    [Anonymous Symbol]                       0x08001e64   Section        0  rtx_msgqueue.o(.text.svcRtxMessageQueueGet)
    svcRtxMessageQueueNew                    0x08001f99   Thumb Code   422  rtx_msgqueue.o(.text.svcRtxMessageQueueNew)
    [Anonymous Symbol]                       0x08001f98   Section        0  rtx_msgqueue.o(.text.svcRtxMessageQueueNew)
    svcRtxMessageQueuePut                    0x08002141   Thumb Code   276  rtx_msgqueue.o(.text.svcRtxMessageQueuePut)
    [Anonymous Symbol]                       0x08002140   Section        0  rtx_msgqueue.o(.text.svcRtxMessageQueuePut)
    svcRtxMutexAcquire                       0x08002255   Thumb Code   230  rtx_mutex.o(.text.svcRtxMutexAcquire)
    [Anonymous Symbol]                       0x08002254   Section        0  rtx_mutex.o(.text.svcRtxMutexAcquire)
    svcRtxMutexDelete                        0x0800233d   Thumb Code   220  rtx_mutex.o(.text.svcRtxMutexDelete)
    [Anonymous Symbol]                       0x0800233c   Section        0  rtx_mutex.o(.text.svcRtxMutexDelete)
    svcRtxMutexNew                           0x08002419   Thumb Code   144  rtx_mutex.o(.text.svcRtxMutexNew)
    [Anonymous Symbol]                       0x08002418   Section        0  rtx_mutex.o(.text.svcRtxMutexNew)
    svcRtxMutexRelease                       0x080024a9   Thumb Code   250  rtx_mutex.o(.text.svcRtxMutexRelease)
    [Anonymous Symbol]                       0x080024a8   Section        0  rtx_mutex.o(.text.svcRtxMutexRelease)
    svcRtxThreadExit                         0x080025a5   Thumb Code   120  rtx_thread.o(.text.svcRtxThreadExit)
    [Anonymous Symbol]                       0x080025a4   Section        0  rtx_thread.o(.text.svcRtxThreadExit)
    svcRtxThreadNew                          0x0800261d   Thumb Code   574  rtx_thread.o(.text.svcRtxThreadNew)
    [Anonymous Symbol]                       0x0800261c   Section        0  rtx_thread.o(.text.svcRtxThreadNew)
    $v0                                      0x0800285a   Number         0  fpinit.o(x$fpl$fpinit)
    x$fpl$fpinit                             0x0800285a   Section       26  fpinit.o(x$fpl$fpinit)
    __tagsym$$used.4                         0x08002874   Number         0  rtx_lib.o(.rodata)
    __tagsym$$used.5                         0x080028dc   Number         0  rtx_lib.o(.rodata)
    os_idle_thread_attr                      0x08002928   Data          36  rtx_lib.o(.rodata.os_idle_thread_attr)
    [Anonymous Symbol]                       0x08002928   Section        0  rtx_lib.o(.rodata.os_idle_thread_attr)
    os_timer_mq_attr                         0x0800294c   Data          24  rtx_lib.o(.rodata.os_timer_mq_attr)
    [Anonymous Symbol]                       0x0800294c   Section        0  rtx_lib.o(.rodata.os_timer_mq_attr)
    os_timer_thread_attr                     0x08002964   Data          36  rtx_lib.o(.rodata.os_timer_thread_attr)
    [Anonymous Symbol]                       0x08002964   Section        0  rtx_lib.o(.rodata.os_timer_thread_attr)
    .L.str                                   0x08002988   Data          11  rtx_kernel.o(.rodata.str1.4)
    [Anonymous Symbol]                       0x08002988   Section        0  rtx_kernel.o(.rodata.str1.4)
    .bss                                     0x200000a8   Section       96  libspace.o(.bss)
    PendST                                   0x20000108   Data           1  os_systick.o(.bss.PendST)
    [Anonymous Symbol]                       0x20000108   Section        0  os_systick.o(.bss.PendST)
    os_isr_queue                             0x20000110   Data          64  rtx_lib.o(.bss.os)
    [Anonymous Symbol]                       0x20000110   Section        0  rtx_lib.o(.bss.os)
    os_mem                                   0x20000150   Data       32768  rtx_lib.o(.bss.os)
    os_timer_mq_cb                           0x20008150   Data          52  rtx_lib.o(.bss.os.msgqueue.cb)
    [Anonymous Symbol]                       0x20008150   Section        0  rtx_lib.o(.bss.os.msgqueue.cb)
    os_timer_mq_data                         0x20008184   Data          80  rtx_lib.o(.bss.os.msgqueue.mem)
    [Anonymous Symbol]                       0x20008184   Section        0  rtx_lib.o(.bss.os.msgqueue.mem)
    os_idle_thread_cb                        0x200081d4   Data          68  rtx_lib.o(.bss.os.thread.cb)
    [Anonymous Symbol]                       0x200081d4   Section        0  rtx_lib.o(.bss.os.thread.cb)
    os_timer_thread_cb                       0x20008218   Data          68  rtx_lib.o(.bss.os.thread.cb)
    os_idle_thread_stack                     0x20008260   Data         512  rtx_lib.o(.bss.os.thread.stack)
    [Anonymous Symbol]                       0x20008260   Section        0  rtx_lib.o(.bss.os.thread.stack)
    os_timer_thread_stack                    0x20008460   Data         512  rtx_lib.o(.bss.os.thread.stack)
    os_kernel_is_active.os_kernel_active     0x20008660   Data           1  rtx_lib.o(.bss.os_kernel_is_active.os_kernel_active)
    [Anonymous Symbol]                       0x20008660   Section        0  rtx_lib.o(.bss.os_kernel_is_active.os_kernel_active)
    Heap_Mem                                 0x20008668   Data         512  startup_stm32f401xe.o(HEAP)
    HEAP                                     0x20008668   Section      512  startup_stm32f401xe.o(HEAP)
    Stack_Mem                                0x20008868   Data        1024  startup_stm32f401xe.o(STACK)
    STACK                                    0x20008868   Section     1024  startup_stm32f401xe.o(STACK)
    __initial_sp                             0x20008c68   Data           0  startup_stm32f401xe.o(STACK)

    Global Symbols

    Symbol Name                              Value     Ov Type        Size  Object(Section)

    BuildAttributes$$THM_ISAv4$E$P$D$K$B$S$7EM$VFPi3$EXTD16$VFPS$VFMA$PE$A:L22UL41UL21$X:L11$S22US41US21$IEEE1$IW$~IW$USESV6$~STKCKD$USESV7$~SHL$OTIME$ROPI$EBA8$UX$STANDARDLIB$REQ8$PRES8$EABIv2 0x00000000   Number         0  anon$$obj.o ABSOLUTE
    .bss.os.evflags.cb$$Base                  - Undefined Weak Reference
    .bss.os.evflags.cb$$Limit                 - Undefined Weak Reference
    .bss.os.mempool.cb$$Base                  - Undefined Weak Reference
    .bss.os.mempool.cb$$Limit                 - Undefined Weak Reference
    .bss.os.mutex.cb$$Base                    - Undefined Weak Reference
    .bss.os.mutex.cb$$Limit                   - Undefined Weak Reference
    .bss.os.semaphore.cb$$Base                - Undefined Weak Reference
    .bss.os.semaphore.cb$$Limit               - Undefined Weak Reference
    .bss.os.timer.cb$$Base                    - Undefined Weak Reference
    .bss.os.timer.cb$$Limit                   - Undefined Weak Reference
    __ARM_exceptions_init                     - Undefined Weak Reference
    __alloca_initialize                       - Undefined Weak Reference
    __arm_preinit_                            - Undefined Weak Reference
    __cpp_initialize__aeabi_                  - Undefined Weak Reference
    __cxa_finalize                            - Undefined Weak Reference
    __rt_locale                               - Undefined Weak Reference
    __sigvec_lookup                           - Undefined Weak Reference
    _atexit_init                              - Undefined Weak Reference
    _call_atexit_fns                          - Undefined Weak Reference
    _clock_init                               - Undefined Weak Reference
    _fp_trap_init                             - Undefined Weak Reference
    _fp_trap_shutdown                         - Undefined Weak Reference
    _get_lc_collate                           - Undefined Weak Reference
    _get_lc_ctype                             - Undefined Weak Reference
    _get_lc_monetary                          - Undefined Weak Reference
    _get_lc_numeric                           - Undefined Weak Reference
    _get_lc_time                              - Undefined Weak Reference
    _getenv_init                              - Undefined Weak Reference
    _handle_redirection                       - Undefined Weak Reference
    _init_alloc                               - Undefined Weak Reference
    _init_user_alloc                          - Undefined Weak Reference
    _initio                                   - Undefined Weak Reference
    _rand_init                                - Undefined Weak Reference
    _signal_finish                            - Undefined Weak Reference
    _signal_init                              - Undefined Weak Reference
    _terminate_alloc                          - Undefined Weak Reference
    _terminate_user_alloc                     - Undefined Weak Reference
    _terminateio                              - Undefined Weak Reference
    __Vectors_Size                           0x00000194   Number         0  startup_stm32f401xe.o ABSOLUTE
    __Vectors                                0x08000000   Data           4  startup_stm32f401xe.o(RESET)
    __Vectors_End                            0x08000194   Data           0  startup_stm32f401xe.o(RESET)
    __main                                   0x08000195   Thumb Code     8  __main.o(!!!main)
    __scatterload                            0x0800019d   Thumb Code     0  __scatter.o(!!!scatter)
    __scatterload_rt2                        0x0800019d   Thumb Code    44  __scatter.o(!!!scatter)
    __scatterload_rt2_thumb_only             0x0800019d   Thumb Code     0  __scatter.o(!!!scatter)
    __scatterload_null                       0x080001ab   Thumb Code     0  __scatter.o(!!!scatter)
    __scatterload_copy                       0x080001d1   Thumb Code    26  __scatter_copy.o(!!handler_copy)
    __scatterload_zeroinit                   0x080001ed   Thumb Code    28  __scatter_zi.o(!!handler_zi)
    __rt_lib_init                            0x08000209   Thumb Code     0  libinit.o(.ARM.Collect$$libinit$$00000000)
    __rt_lib_init_fp_1                       0x0800020b   Thumb Code     0  libinit2.o(.ARM.Collect$$libinit$$00000001)
    __rt_lib_init_alloca_1                   0x0800020f   Thumb Code     0  libinit2.o(.ARM.Collect$$libinit$$0000002E)
    __rt_lib_init_argv_1                     0x0800020f   Thumb Code     0  libinit2.o(.ARM.Collect$$libinit$$0000002C)
    __rt_lib_init_atexit_1                   0x0800020f   Thumb Code     0  libinit2.o(.ARM.Collect$$libinit$$0000001B)
    __rt_lib_init_clock_1                    0x0800020f   Thumb Code     0  libinit2.o(.ARM.Collect$$libinit$$00000021)
    __rt_lib_init_cpp_1                      0x0800020f   Thumb Code     0  libinit2.o(.ARM.Collect$$libinit$$00000032)
    __rt_lib_init_exceptions_1               0x0800020f   Thumb Code     0  libinit2.o(.ARM.Collect$$libinit$$00000030)
    __rt_lib_init_fp_trap_1                  0x0800020f   Thumb Code     0  libinit2.o(.ARM.Collect$$libinit$$0000001F)
    __rt_lib_init_getenv_1                   0x0800020f   Thumb Code     0  libinit2.o(.ARM.Collect$$libinit$$00000023)
    __rt_lib_init_heap_1                     0x0800020f   Thumb Code     0  libinit2.o(.ARM.Collect$$libinit$$0000000A)
    __rt_lib_init_lc_collate_1               0x0800020f   Thumb Code     0  libinit2.o(.ARM.Collect$$libinit$$00000011)
    __rt_lib_init_lc_ctype_1                 0x0800020f   Thumb Code     0  libinit2.o(.ARM.Collect$$libinit$$00000013)
    __rt_lib_init_lc_monetary_1              0x0800020f   Thumb Code     0  libinit2.o(.ARM.Collect$$libinit$$00000015)
    __rt_lib_init_lc_numeric_1               0x0800020f   Thumb Code     0  libinit2.o(.ARM.Collect$$libinit$$00000017)
    __rt_lib_init_lc_time_1                  0x0800020f   Thumb Code     0  libinit2.o(.ARM.Collect$$libinit$$00000019)
    __rt_lib_init_preinit_1                  0x0800020f   Thumb Code     0  libinit2.o(.ARM.Collect$$libinit$$00000004)
    __rt_lib_init_rand_1                     0x0800020f   Thumb Code     0  libinit2.o(.ARM.Collect$$libinit$$0000000E)
    __rt_lib_init_return                     0x0800020f   Thumb Code     0  libinit2.o(.ARM.Collect$$libinit$$00000033)
    __rt_lib_init_signal_1                   0x0800020f   Thumb Code     0  libinit2.o(.ARM.Collect$$libinit$$0000001D)
    __rt_lib_init_stdio_1                    0x0800020f   Thumb Code     0  libinit2.o(.ARM.Collect$$libinit$$00000025)
    __rt_lib_init_user_alloc_1               0x0800020f   Thumb Code     0  libinit2.o(.ARM.Collect$$libinit$$0000000C)
    __rt_lib_shutdown                        0x08000211   Thumb Code     0  libshutdown.o(.ARM.Collect$$libshutdown$$00000000)
    __rt_lib_shutdown_cpp_1                  0x08000213   Thumb Code     0  libshutdown2.o(.ARM.Collect$$libshutdown$$00000002)
    __rt_lib_shutdown_fp_trap_1              0x08000213   Thumb Code     0  libshutdown2.o(.ARM.Collect$$libshutdown$$00000007)
    __rt_lib_shutdown_heap_1                 0x08000213   Thumb Code     0  libshutdown2.o(.ARM.Collect$$libshutdown$$0000000F)
    __rt_lib_shutdown_return                 0x08000213   Thumb Code     0  libshutdown2.o(.ARM.Collect$$libshutdown$$00000010)
    __rt_lib_shutdown_signal_1               0x08000213   Thumb Code     0  libshutdown2.o(.ARM.Collect$$libshutdown$$0000000A)
    __rt_lib_shutdown_stdio_1                0x08000213   Thumb Code     0  libshutdown2.o(.ARM.Collect$$libshutdown$$00000004)
    __rt_lib_shutdown_user_alloc_1           0x08000213   Thumb Code     0  libshutdown2.o(.ARM.Collect$$libshutdown$$0000000C)
    __rt_entry                               0x08000215   Thumb Code     0  __rtentry.o(.ARM.Collect$$rtentry$$00000000)
    __rt_entry_presh_1                       0x08000215   Thumb Code     0  __rtentry2.o(.ARM.Collect$$rtentry$$00000002)
    __rt_entry_sh                            0x08000215   Thumb Code     0  __rtentry4.o(.ARM.Collect$$rtentry$$00000004)
    __rt_entry_postsh_1                      0x0800021b   Thumb Code     0  __rtentry2.o(.ARM.Collect$$rtentry$$00000008)
    __rt_entry_li                            0x08000223   Thumb Code     0  __rtentry2.o(.ARM.Collect$$rtentry$$0000000A)
    __rt_entry_main                          0x08000227   Thumb Code     0  __rtentry2.o(.ARM.Collect$$rtentry$$0000000D)
    __rt_entry_postli_1                      0x08000227   Thumb Code     0  __rtentry2.o(.ARM.Collect$$rtentry$$0000000C)
    __rt_exit                                0x0800022f   Thumb Code     0  rtexit.o(.ARM.Collect$$rtexit$$00000000)
    __rt_exit_ls                             0x08000231   Thumb Code     0  rtexit2.o(.ARM.Collect$$rtexit$$00000003)
    __rt_exit_prels_1                        0x08000231   Thumb Code     0  rtexit2.o(.ARM.Collect$$rtexit$$00000002)
    __rt_exit_exit                           0x08000235   Thumb Code     0  rtexit2.o(.ARM.Collect$$rtexit$$00000004)
    SVC_Handler                              0x0800023d   Thumb Code   152  irq_cm4f.o(.text)
    PendSV_Handler                           0x080002d5   Thumb Code    16  irq_cm4f.o(.text)
    SysTick_Handler                          0x080002e5   Thumb Code    16  irq_cm4f.o(.text)
    Reset_Handler                            0x08000301   Thumb Code     8  startup_stm32f401xe.o(.text)
    NMI_Handler                              0x08000309   Thumb Code     2  startup_stm32f401xe.o(.text)
    HardFault_Handler                        0x0800030b   Thumb Code     2  startup_stm32f401xe.o(.text)
    MemManage_Handler                        0x0800030d   Thumb Code     2  startup_stm32f401xe.o(.text)
    BusFault_Handler                         0x0800030f   Thumb Code     2  startup_stm32f401xe.o(.text)
    UsageFault_Handler                       0x08000311   Thumb Code     2  startup_stm32f401xe.o(.text)
    DebugMon_Handler                         0x08000315   Thumb Code     2  startup_stm32f401xe.o(.text)
    ADC_IRQHandler                           0x0800031b   Thumb Code     0  startup_stm32f401xe.o(.text)
    DMA1_Stream0_IRQHandler                  0x0800031b   Thumb Code     0  startup_stm32f401xe.o(.text)
    DMA1_Stream1_IRQHandler                  0x0800031b   Thumb Code     0  startup_stm32f401xe.o(.text)
    DMA1_Stream2_IRQHandler                  0x0800031b   Thumb Code     0  startup_stm32f401xe.o(.text)
    DMA1_Stream3_IRQHandler                  0x0800031b   Thumb Code     0  startup_stm32f401xe.o(.text)
    DMA1_Stream4_IRQHandler                  0x0800031b   Thumb Code     0  startup_stm32f401xe.o(.text)
    DMA1_Stream5_IRQHandler                  0x0800031b   Thumb Code     0  startup_stm32f401xe.o(.text)
    DMA1_Stream6_IRQHandler                  0x0800031b   Thumb Code     0  startup_stm32f401xe.o(.text)
    DMA1_Stream7_IRQHandler                  0x0800031b   Thumb Code     0  startup_stm32f401xe.o(.text)
    DMA2_Stream0_IRQHandler                  0x0800031b   Thumb Code     0  startup_stm32f401xe.o(.text)
    DMA2_Stream1_IRQHandler                  0x0800031b   Thumb Code     0  startup_stm32f401xe.o(.text)
    DMA2_Stream2_IRQHandler                  0x0800031b   Thumb Code     0  startup_stm32f401xe.o(.text)
    DMA2_Stream3_IRQHandler                  0x0800031b   Thumb Code     0  startup_stm32f401xe.o(.text)
    DMA2_Stream4_IRQHandler                  0x0800031b   Thumb Code     0  startup_stm32f401xe.o(.text)
    DMA2_Stream5_IRQHandler                  0x0800031b   Thumb Code     0  startup_stm32f401xe.o(.text)
    DMA2_Stream6_IRQHandler                  0x0800031b   Thumb Code     0  startup_stm32f401xe.o(.text)
    DMA2_Stream7_IRQHandler                  0x0800031b   Thumb Code     0  startup_stm32f401xe.o(.text)
    EXTI0_IRQHandler                         0x0800031b   Thumb Code     0  startup_stm32f401xe.o(.text)
    EXTI15_10_IRQHandler                     0x0800031b   Thumb Code     0  startup_stm32f401xe.o(.text)
    EXTI1_IRQHandler                         0x0800031b   Thumb Code     0  startup_stm32f401xe.o(.text)
    EXTI2_IRQHandler                         0x0800031b   Thumb Code     0  startup_stm32f401xe.o(.text)
    EXTI3_IRQHandler                         0x0800031b   Thumb Code     0  startup_stm32f401xe.o(.text)
    EXTI4_IRQHandler                         0x0800031b   Thumb Code     0  startup_stm32f401xe.o(.text)
    EXTI9_5_IRQHandler                       0x0800031b   Thumb Code     0  startup_stm32f401xe.o(.text)
    FLASH_IRQHandler                         0x0800031b   Thumb Code     0  startup_stm32f401xe.o(.text)
    FPU_IRQHandler                           0x0800031b   Thumb Code     0  startup_stm32f401xe.o(.text)
    I2C1_ER_IRQHandler                       0x0800031b   Thumb Code     0  startup_stm32f401xe.o(.text)
    I2C1_EV_IRQHandler                       0x0800031b   Thumb Code     0  startup_stm32f401xe.o(.text)
    I2C2_ER_IRQHandler                       0x0800031b   Thumb Code     0  startup_stm32f401xe.o(.text)
    I2C2_EV_IRQHandler                       0x0800031b   Thumb Code     0  startup_stm32f401xe.o(.text)
    I2C3_ER_IRQHandler                       0x0800031b   Thumb Code     0  startup_stm32f401xe.o(.text)
    I2C3_EV_IRQHandler                       0x0800031b   Thumb Code     0  startup_stm32f401xe.o(.text)
    OTG_FS_IRQHandler                        0x0800031b   Thumb Code     0  startup_stm32f401xe.o(.text)
    OTG_FS_WKUP_IRQHandler                   0x0800031b   Thumb Code     0  startup_stm32f401xe.o(.text)
    PVD_IRQHandler                           0x0800031b   Thumb Code     0  startup_stm32f401xe.o(.text)
    RCC_IRQHandler                           0x0800031b   Thumb Code     0  startup_stm32f401xe.o(.text)
    RTC_Alarm_IRQHandler                     0x0800031b   Thumb Code     0  startup_stm32f401xe.o(.text)
    RTC_WKUP_IRQHandler                      0x0800031b   Thumb Code     0  startup_stm32f401xe.o(.text)
    SDIO_IRQHandler                          0x0800031b   Thumb Code     0  startup_stm32f401xe.o(.text)
    SPI1_IRQHandler                          0x0800031b   Thumb Code     0  startup_stm32f401xe.o(.text)
    SPI2_IRQHandler                          0x0800031b   Thumb Code     0  startup_stm32f401xe.o(.text)
    SPI3_IRQHandler                          0x0800031b   Thumb Code     0  startup_stm32f401xe.o(.text)
    SPI4_IRQHandler                          0x0800031b   Thumb Code     0  startup_stm32f401xe.o(.text)
    TAMP_STAMP_IRQHandler                    0x0800031b   Thumb Code     0  startup_stm32f401xe.o(.text)
    TIM1_BRK_TIM9_IRQHandler                 0x0800031b   Thumb Code     0  startup_stm32f401xe.o(.text)
    TIM1_CC_IRQHandler                       0x0800031b   Thumb Code     0  startup_stm32f401xe.o(.text)
    TIM1_TRG_COM_TIM11_IRQHandler            0x0800031b   Thumb Code     0  startup_stm32f401xe.o(.text)
    TIM1_UP_TIM10_IRQHandler                 0x0800031b   Thumb Code     0  startup_stm32f401xe.o(.text)
    TIM2_IRQHandler                          0x0800031b   Thumb Code     0  startup_stm32f401xe.o(.text)
    TIM3_IRQHandler                          0x0800031b   Thumb Code     0  startup_stm32f401xe.o(.text)
    TIM4_IRQHandler                          0x0800031b   Thumb Code     0  startup_stm32f401xe.o(.text)
    TIM5_IRQHandler                          0x0800031b   Thumb Code     0  startup_stm32f401xe.o(.text)
    USART1_IRQHandler                        0x0800031b   Thumb Code     0  startup_stm32f401xe.o(.text)
    USART2_IRQHandler                        0x0800031b   Thumb Code     0  startup_stm32f401xe.o(.text)
    USART6_IRQHandler                        0x0800031b   Thumb Code     0  startup_stm32f401xe.o(.text)
    WWDG_IRQHandler                          0x0800031b   Thumb Code     0  startup_stm32f401xe.o(.text)
    __user_initial_stackheap                 0x0800031d   Thumb Code     0  startup_stm32f401xe.o(.text)
    __aeabi_memcpy                           0x08000341   Thumb Code     0  rt_memcpy_v6.o(.text)
    __rt_memcpy                              0x08000341   Thumb Code   138  rt_memcpy_v6.o(.text)
    _memcpy_lastbytes                        0x080003a7   Thumb Code     0  rt_memcpy_v6.o(.text)
    __aeabi_memset4                          0x080003cb   Thumb Code    16  aeabi_memset4.o(.text)
    __aeabi_memset8                          0x080003cb   Thumb Code     0  aeabi_memset4.o(.text)
    __aeabi_memclr                           0x080003db   Thumb Code     0  rt_memclr.o(.text)
    __rt_memclr                              0x080003db   Thumb Code    68  rt_memclr.o(.text)
    _memset                                  0x080003df   Thumb Code     0  rt_memclr.o(.text)
    __aeabi_memclr4                          0x0800041f   Thumb Code     0  rt_memclr_w.o(.text)
    __aeabi_memclr8                          0x0800041f   Thumb Code     0  rt_memclr_w.o(.text)
    __rt_memclr_w                            0x0800041f   Thumb Code    78  rt_memclr_w.o(.text)
    _memset_w                                0x08000423   Thumb Code     0  rt_memclr_w.o(.text)
    __use_two_region_memory                  0x0800046d   Thumb Code     2  heapauxi.o(.text)
    __rt_heap_escrow$2region                 0x0800046f   Thumb Code     2  heapauxi.o(.text)
    __rt_heap_expand$2region                 0x08000471   Thumb Code     2  heapauxi.o(.text)
    __aeabi_memcpy4                          0x08000473   Thumb Code     0  rt_memcpy_w.o(.text)
    __aeabi_memcpy8                          0x08000473   Thumb Code     0  rt_memcpy_w.o(.text)
    __rt_memcpy_w                            0x08000473   Thumb Code   100  rt_memcpy_w.o(.text)
    _memcpy_lastbytes_aligned                0x080004bb   Thumb Code     0  rt_memcpy_w.o(.text)
    __user_setup_stackheap                   0x080004d7   Thumb Code    74  sys_stackheap_outer.o(.text)
    exit                                     0x08000521   Thumb Code    18  exit.o(.text)
    __user_libspace                          0x08000535   Thumb Code     8  libspace.o(.text)
    __user_perproc_libspace                  0x08000535   Thumb Code     0  libspace.o(.text)
    _sys_exit                                0x0800053d   Thumb Code     8  sys_exit.o(.text)
    __I$use$semihosting                      0x08000549   Thumb Code     0  use_no_semi.o(.text)
    __use_no_semihosting_swi                 0x08000549   Thumb Code     2  use_no_semi.o(.text)
    __semihosting_library_function           0x0800054b   Thumb Code     0  indicate_semi.o(.text)
    EvrRtxDelay                              0x0800054d   Thumb Code     2  rtx_evr.o(.text.EvrRtxDelay)
    EvrRtxDelayCompleted                     0x08000551   Thumb Code     2  rtx_evr.o(.text.EvrRtxDelayCompleted)
    EvrRtxDelayError                         0x08000555   Thumb Code     2  rtx_evr.o(.text.EvrRtxDelayError)
    EvrRtxDelayStarted                       0x08000559   Thumb Code     2  rtx_evr.o(.text.EvrRtxDelayStarted)
    EvrRtxEventFlagsWaitTimeout              0x0800055d   Thumb Code     2  rtx_evr.o(.text.EvrRtxEventFlagsWaitTimeout)
    EvrRtxKernelError                        0x08000561   Thumb Code     2  rtx_evr.o(.text.EvrRtxKernelError)
    EvrRtxKernelGetState                     0x08000565   Thumb Code     2  rtx_evr.o(.text.EvrRtxKernelGetState)
    EvrRtxKernelInitialize                   0x08000569   Thumb Code     2  rtx_evr.o(.text.EvrRtxKernelInitialize)
    EvrRtxKernelInitialized                  0x0800056d   Thumb Code     2  rtx_evr.o(.text.EvrRtxKernelInitialized)
    EvrRtxKernelStart                        0x08000571   Thumb Code     2  rtx_evr.o(.text.EvrRtxKernelStart)
    EvrRtxKernelStarted                      0x08000575   Thumb Code     2  rtx_evr.o(.text.EvrRtxKernelStarted)
    EvrRtxMemoryAlloc                        0x08000579   Thumb Code     2  rtx_evr.o(.text.EvrRtxMemoryAlloc)
    EvrRtxMemoryBlockAlloc                   0x0800057d   Thumb Code     2  rtx_evr.o(.text.EvrRtxMemoryBlockAlloc)
    EvrRtxMemoryBlockFree                    0x08000581   Thumb Code     2  rtx_evr.o(.text.EvrRtxMemoryBlockFree)
    EvrRtxMemoryBlockInit                    0x08000585   Thumb Code     2  rtx_evr.o(.text.EvrRtxMemoryBlockInit)
    EvrRtxMemoryFree                         0x08000589   Thumb Code     2  rtx_evr.o(.text.EvrRtxMemoryFree)
    EvrRtxMemoryInit                         0x0800058d   Thumb Code     2  rtx_evr.o(.text.EvrRtxMemoryInit)
    EvrRtxMemoryPoolAllocTimeout             0x08000591   Thumb Code     2  rtx_evr.o(.text.EvrRtxMemoryPoolAllocTimeout)
    EvrRtxMessageQueueCreated                0x08000595   Thumb Code     2  rtx_evr.o(.text.EvrRtxMessageQueueCreated)
    EvrRtxMessageQueueError                  0x08000599   Thumb Code     2  rtx_evr.o(.text.EvrRtxMessageQueueError)
    EvrRtxMessageQueueGet                    0x0800059d   Thumb Code     2  rtx_evr.o(.text.EvrRtxMessageQueueGet)
    EvrRtxMessageQueueGetPending             0x080005a1   Thumb Code     2  rtx_evr.o(.text.EvrRtxMessageQueueGetPending)
    EvrRtxMessageQueueGetTimeout             0x080005a5   Thumb Code     2  rtx_evr.o(.text.EvrRtxMessageQueueGetTimeout)
    EvrRtxMessageQueueInsertPending          0x080005a9   Thumb Code     2  rtx_evr.o(.text.EvrRtxMessageQueueInsertPending)
    EvrRtxMessageQueueInserted               0x080005ad   Thumb Code     2  rtx_evr.o(.text.EvrRtxMessageQueueInserted)
    EvrRtxMessageQueueNew                    0x080005b1   Thumb Code     2  rtx_evr.o(.text.EvrRtxMessageQueueNew)
    EvrRtxMessageQueueNotInserted            0x080005b5   Thumb Code     2  rtx_evr.o(.text.EvrRtxMessageQueueNotInserted)
    EvrRtxMessageQueueNotRetrieved           0x080005b9   Thumb Code     2  rtx_evr.o(.text.EvrRtxMessageQueueNotRetrieved)
    EvrRtxMessageQueuePut                    0x080005bd   Thumb Code     2  rtx_evr.o(.text.EvrRtxMessageQueuePut)
    EvrRtxMessageQueuePutPending             0x080005c1   Thumb Code     2  rtx_evr.o(.text.EvrRtxMessageQueuePutPending)
    EvrRtxMessageQueuePutTimeout             0x080005c5   Thumb Code     2  rtx_evr.o(.text.EvrRtxMessageQueuePutTimeout)
    EvrRtxMessageQueueRetrieved              0x080005c9   Thumb Code     2  rtx_evr.o(.text.EvrRtxMessageQueueRetrieved)
    EvrRtxMutexAcquire                       0x080005cd   Thumb Code     2  rtx_evr.o(.text.EvrRtxMutexAcquire)
    EvrRtxMutexAcquirePending                0x080005d1   Thumb Code     2  rtx_evr.o(.text.EvrRtxMutexAcquirePending)
    EvrRtxMutexAcquireTimeout                0x080005d5   Thumb Code     2  rtx_evr.o(.text.EvrRtxMutexAcquireTimeout)
    EvrRtxMutexAcquired                      0x080005d9   Thumb Code     2  rtx_evr.o(.text.EvrRtxMutexAcquired)
    EvrRtxMutexCreated                       0x080005dd   Thumb Code     2  rtx_evr.o(.text.EvrRtxMutexCreated)
    EvrRtxMutexDelete                        0x080005e1   Thumb Code     2  rtx_evr.o(.text.EvrRtxMutexDelete)
    EvrRtxMutexDestroyed                     0x080005e5   Thumb Code     2  rtx_evr.o(.text.EvrRtxMutexDestroyed)
    EvrRtxMutexError                         0x080005e9   Thumb Code     2  rtx_evr.o(.text.EvrRtxMutexError)
    EvrRtxMutexNew                           0x080005ed   Thumb Code     2  rtx_evr.o(.text.EvrRtxMutexNew)
    EvrRtxMutexNotAcquired                   0x080005f1   Thumb Code     2  rtx_evr.o(.text.EvrRtxMutexNotAcquired)
    EvrRtxMutexRelease                       0x080005f5   Thumb Code     2  rtx_evr.o(.text.EvrRtxMutexRelease)
    EvrRtxMutexReleased                      0x080005f9   Thumb Code     2  rtx_evr.o(.text.EvrRtxMutexReleased)
    EvrRtxSemaphoreAcquireTimeout            0x080005fd   Thumb Code     2  rtx_evr.o(.text.EvrRtxSemaphoreAcquireTimeout)
    EvrRtxThreadBlocked                      0x08000601   Thumb Code     2  rtx_evr.o(.text.EvrRtxThreadBlocked)
    EvrRtxThreadCreated                      0x08000605   Thumb Code     2  rtx_evr.o(.text.EvrRtxThreadCreated)
    EvrRtxThreadDestroyed                    0x08000609   Thumb Code     2  rtx_evr.o(.text.EvrRtxThreadDestroyed)
    EvrRtxThreadError                        0x0800060d   Thumb Code     2  rtx_evr.o(.text.EvrRtxThreadError)
    EvrRtxThreadExit                         0x08000611   Thumb Code     2  rtx_evr.o(.text.EvrRtxThreadExit)
    EvrRtxThreadFlagsWaitCompleted           0x08000615   Thumb Code     2  rtx_evr.o(.text.EvrRtxThreadFlagsWaitCompleted)
    EvrRtxThreadFlagsWaitTimeout             0x08000619   Thumb Code     2  rtx_evr.o(.text.EvrRtxThreadFlagsWaitTimeout)
    EvrRtxThreadJoined                       0x0800061d   Thumb Code     2  rtx_evr.o(.text.EvrRtxThreadJoined)
    EvrRtxThreadNew                          0x08000621   Thumb Code     2  rtx_evr.o(.text.EvrRtxThreadNew)
    EvrRtxThreadPreempted                    0x08000625   Thumb Code     2  rtx_evr.o(.text.EvrRtxThreadPreempted)
    EvrRtxThreadSwitched                     0x08000629   Thumb Code     2  rtx_evr.o(.text.EvrRtxThreadSwitched)
    EvrRtxThreadUnblocked                    0x0800062d   Thumb Code     2  rtx_evr.o(.text.EvrRtxThreadUnblocked)
    EvrRtxTimerCallback                      0x08000631   Thumb Code     2  rtx_evr.o(.text.EvrRtxTimerCallback)
    OS_Tick_AcknowledgeIRQ                   0x0800080d   Thumb Code    12  os_systick.o(.text.OS_Tick_AcknowledgeIRQ)
    OS_Tick_Enable                           0x08000819   Thumb Code    50  os_systick.o(.text.OS_Tick_Enable)
    OS_Tick_GetIRQn                          0x0800084d   Thumb Code     6  os_systick.o(.text.OS_Tick_GetIRQn)
    OS_Tick_Setup                            0x08000855   Thumb Code    72  os_systick.o(.text.OS_Tick_Setup)
    SystemCoreClockUpdate                    0x080008e9   Thumb Code   126  system_stm32f4xx.o(.text.SystemCoreClockUpdate)
    SystemInit                               0x08000969   Thumb Code    26  system_stm32f4xx.o(.text.SystemInit)
    _mutex_acquire                           0x08000a55   Thumb Code    26  rtx_lib.o(.text._mutex_acquire)
    _mutex_free                              0x08000a71   Thumb Code    10  rtx_lib.o(.text._mutex_free)
    _mutex_initialize                        0x08000a7d   Thumb Code    32  rtx_lib.o(.text._mutex_initialize)
    _mutex_release                           0x08000a9d   Thumb Code    22  rtx_lib.o(.text._mutex_release)
    _platform_post_stackheap_init            0x08000ab5   Thumb Code     8  rtx_lib.o(.text._platform_post_stackheap_init)
    main                                     0x08000d65   Thumb Code    70  main.o(.text.main)
    osDelay                                  0x08000dad   Thumb Code    50  rtx_delay.o(.text.osDelay)
    osKernelGetState                         0x08000de1   Thumb Code    38  rtx_kernel.o(.text.osKernelGetState)
    osKernelInitialize                       0x08000e09   Thumb Code    50  rtx_kernel.o(.text.osKernelInitialize)
    osKernelStart                            0x08000e3d   Thumb Code    46  rtx_kernel.o(.text.osKernelStart)
    osMessageQueueGet                        0x08000e6d   Thumb Code    66  rtx_msgqueue.o(.text.osMessageQueueGet)
    osMessageQueueNew                        0x08000eb1   Thumb Code    58  rtx_msgqueue.o(.text.osMessageQueueNew)
    osMessageQueuePut                        0x08000eed   Thumb Code    66  rtx_msgqueue.o(.text.osMessageQueuePut)
    osMutexAcquire                           0x08000f31   Thumb Code    56  rtx_mutex.o(.text.osMutexAcquire)
    osMutexDelete                            0x08000f69   Thumb Code    52  rtx_mutex.o(.text.osMutexDelete)
    osMutexNew                               0x08000f9d   Thumb Code    50  rtx_mutex.o(.text.osMutexNew)
    osMutexRelease                           0x08000fd1   Thumb Code    52  rtx_mutex.o(.text.osMutexRelease)
    osRtxErrorNotify                         0x08001005   Thumb Code     2  rtx_config.o(.text.osRtxErrorNotify)
    osRtxIdleThread                          0x08001011   Thumb Code     2  rtx_config.o(.text.osRtxIdleThread)
    osRtxKernelPreInit                       0x0800102d   Thumb Code     2  rtx_kernel.o(.text.osRtxKernelPreInit)
    osRtxMemoryAlloc                         0x0800103d   Thumb Code   206  rtx_memory.o(.text.osRtxMemoryAlloc)
    osRtxMemoryFree                          0x0800110d   Thumb Code   120  rtx_memory.o(.text.osRtxMemoryFree)
    osRtxMemoryInit                          0x08001185   Thumb Code   100  rtx_memory.o(.text.osRtxMemoryInit)
    osRtxMemoryPoolAlloc                     0x080011e9   Thumb Code    42  rtx_mempool.o(.text.osRtxMemoryPoolAlloc)
    osRtxMemoryPoolFree                      0x08001215   Thumb Code    66  rtx_mempool.o(.text.osRtxMemoryPoolFree)
    osRtxMemoryPoolInit                      0x08001259   Thumb Code    96  rtx_mempool.o(.text.osRtxMemoryPoolInit)
    osRtxMutexOwnerRelease                   0x080013dd   Thumb Code   106  rtx_mutex.o(.text.osRtxMutexOwnerRelease)
    osRtxMutexOwnerRestore                   0x08001449   Thumb Code    74  rtx_mutex.o(.text.osRtxMutexOwnerRestore)
    osRtxPendSV_Handler                      0x080014a5   Thumb Code   100  rtx_system.o(.text.osRtxPendSV_Handler)
    osRtxPostProcess                         0x08001509   Thumb Code    44  rtx_system.o(.text.osRtxPostProcess)
    osRtxThreadDelayTick                     0x0800166d   Thumb Code   246  rtx_thread.o(.text.osRtxThreadDelayTick)
    osRtxThreadDispatch                      0x08001765   Thumb Code    94  rtx_thread.o(.text.osRtxThreadDispatch)
    osRtxThreadListGet                       0x08001859   Thumb Code    24  rtx_thread.o(.text.osRtxThreadListGet)
    osRtxThreadListPut                       0x08001871   Thumb Code    52  rtx_thread.o(.text.osRtxThreadListPut)
    osRtxThreadListRemove                    0x080018a5   Thumb Code    28  rtx_thread.o(.text.osRtxThreadListRemove)
    osRtxThreadListSort                      0x080018d5   Thumb Code    48  rtx_thread.o(.text.osRtxThreadListSort)
    osRtxThreadReadyPut                      0x08001945   Thumb Code    24  rtx_thread.o(.text.osRtxThreadReadyPut)
    osRtxThreadRegPtr                        0x0800195d   Thumb Code    16  rtx_thread.o(.text.osRtxThreadRegPtr)
    osRtxThreadStackCheck                    0x0800197d   Thumb Code    42  rtx_thread.o(.text.osRtxThreadStackCheck)
    osRtxThreadStartup                       0x080019a9   Thumb Code    78  rtx_thread.o(.text.osRtxThreadStartup)
    osRtxThreadSwitch                        0x080019f9   Thumb Code    30  rtx_thread.o(.text.osRtxThreadSwitch)
    osRtxThreadWaitEnter                     0x08001a19   Thumb Code    92  rtx_thread.o(.text.osRtxThreadWaitEnter)
    osRtxThreadWaitExit                      0x08001a75   Thumb Code    42  rtx_thread.o(.text.osRtxThreadWaitExit)
    osRtxTick_Handler                        0x08001aa1   Thumb Code   132  rtx_system.o(.text.osRtxTick_Handler)
    osRtxTimerThread                         0x08001b25   Thumb Code    82  rtx_timer.o(.text.osRtxTimerThread)
    osThreadExit                             0x08001bd1   Thumb Code    26  rtx_thread.o(.text.osThreadExit)
    osThreadNew                              0x08001bed   Thumb Code    58  rtx_thread.o(.text.osThreadNew)
    _fp_init                                 0x0800285b   Thumb Code    26  fpinit.o(x$fpl$fpinit)
    __fplib_config_fpu_vfp                   0x08002873   Thumb Code     0  fpinit.o(x$fpl$fpinit)
    __fplib_config_pureend_doubles           0x08002873   Thumb Code     0  fpinit.o(x$fpl$fpinit)
    osRtxConfig                              0x08002874   Data         104  rtx_lib.o(.rodata)
    os_cb_sections                           0x080028dc   Data          56  rtx_lib.o(.rodata)
    AHBPrescTable                            0x08002914   Data          16  system_stm32f4xx.o(.rodata.AHBPrescTable)
    osRtxUserSVC                             0x08002924   Data           4  rtx_lib.o(.rodata.osRtxUserSVC)
    Region$$Table$$Base                      0x08002994   Number         0  anon$$obj.o(Region$$Table)
    Region$$Table$$Limit                     0x080029b4   Number         0  anon$$obj.o(Region$$Table)
    SystemCoreClock                          0x20000000   Data           4  system_stm32f4xx.o(.data.SystemCoreClock)
    osRtxInfo                                0x20000004   Data         164  rtx_kernel.o(.data.os)
    __libspace_start                         0x200000a8   Data          96  libspace.o(.bss)
    __temporary_stack_top$libspace           0x20000108   Data           0  libspace.o(.bss)
    .bss.os.msgqueue.cb$$Base                0x20008150   Number         0  rtx_lib.o(.bss.os.msgqueue.cb)
    .bss.os.msgqueue.cb$$Limit               0x20008184   Number         0  rtx_lib.o(.bss.os.msgqueue.cb)
    .bss.os.thread.cb$$Base                  0x200081d4   Number         0  rtx_lib.o(.bss.os.thread.cb)
    .bss.os.thread.cb$$Limit                 0x2000825c   Number         0  rtx_lib.o(.bss.os.thread.cb)



==============================================================================

Memory Map of the image

  Image Entry point : 0x08000301

  Load Region LR_1 (Base: 0x08000000, Size: 0x00002a5c, Max: 0xffffffff, ABSOLUTE)

    Execution Region ER_RO (Exec base: 0x08000000, Load base: 0x08000000, Size: 0x000029b4, Max: 0xffffffff, ABSOLUTE)

    Exec Addr    Load Addr    Size         Type   Attr      Idx    E Section Name        Object

    0x08000000   0x08000000   0x00000194   Data   RO         1163    RESET               startup_stm32f401xe.o
    0x08000194   0x08000194   0x00000008   Code   RO         1195  * !!!main             c_w.l(__main.o)
    0x0800019c   0x0800019c   0x00000034   Code   RO         1358    !!!scatter          c_w.l(__scatter.o)
    0x080001d0   0x080001d0   0x0000001a   Code   RO         1360    !!handler_copy      c_w.l(__scatter_copy.o)
    0x080001ea   0x080001ea   0x00000002   PAD
    0x080001ec   0x080001ec   0x0000001c   Code   RO         1362    !!handler_zi        c_w.l(__scatter_zi.o)
    0x08000208   0x08000208   0x00000002   Code   RO         1222    .ARM.Collect$$libinit$$00000000  c_w.l(libinit.o)
    0x0800020a   0x0800020a   0x00000004   Code   RO         1228    .ARM.Collect$$libinit$$00000001  c_w.l(libinit2.o)
    0x0800020e   0x0800020e   0x00000000   Code   RO         1231    .ARM.Collect$$libinit$$00000004  c_w.l(libinit2.o)
    0x0800020e   0x0800020e   0x00000000   Code   RO         1234    .ARM.Collect$$libinit$$0000000A  c_w.l(libinit2.o)
    0x0800020e   0x0800020e   0x00000000   Code   RO         1236    .ARM.Collect$$libinit$$0000000C  c_w.l(libinit2.o)
    0x0800020e   0x0800020e   0x00000000   Code   RO         1238    .ARM.Collect$$libinit$$0000000E  c_w.l(libinit2.o)
    0x0800020e   0x0800020e   0x00000000   Code   RO         1241    .ARM.Collect$$libinit$$00000011  c_w.l(libinit2.o)
    0x0800020e   0x0800020e   0x00000000   Code   RO         1243    .ARM.Collect$$libinit$$00000013  c_w.l(libinit2.o)
    0x0800020e   0x0800020e   0x00000000   Code   RO         1245    .ARM.Collect$$libinit$$00000015  c_w.l(libinit2.o)
    0x0800020e   0x0800020e   0x00000000   Code   RO         1247    .ARM.Collect$$libinit$$00000017  c_w.l(libinit2.o)
    0x0800020e   0x0800020e   0x00000000   Code   RO         1249    .ARM.Collect$$libinit$$00000019  c_w.l(libinit2.o)
    0x0800020e   0x0800020e   0x00000000   Code   RO         1251    .ARM.Collect$$libinit$$0000001B  c_w.l(libinit2.o)
    0x0800020e   0x0800020e   0x00000000   Code   RO         1253    .ARM.Collect$$libinit$$0000001D  c_w.l(libinit2.o)
    0x0800020e   0x0800020e   0x00000000   Code   RO         1255    .ARM.Collect$$libinit$$0000001F  c_w.l(libinit2.o)
    0x0800020e   0x0800020e   0x00000000   Code   RO         1257    .ARM.Collect$$libinit$$00000021  c_w.l(libinit2.o)
    0x0800020e   0x0800020e   0x00000000   Code   RO         1259    .ARM.Collect$$libinit$$00000023  c_w.l(libinit2.o)
    0x0800020e   0x0800020e   0x00000000   Code   RO         1261    .ARM.Collect$$libinit$$00000025  c_w.l(libinit2.o)
    0x0800020e   0x0800020e   0x00000000   Code   RO         1265    .ARM.Collect$$libinit$$0000002C  c_w.l(libinit2.o)
    0x0800020e   0x0800020e   0x00000000   Code   RO         1267    .ARM.Collect$$libinit$$0000002E  c_w.l(libinit2.o)
    0x0800020e   0x0800020e   0x00000000   Code   RO         1269    .ARM.Collect$$libinit$$00000030  c_w.l(libinit2.o)
    0x0800020e   0x0800020e   0x00000000   Code   RO         1271    .ARM.Collect$$libinit$$00000032  c_w.l(libinit2.o)
    0x0800020e   0x0800020e   0x00000002   Code   RO         1272    .ARM.Collect$$libinit$$00000033  c_w.l(libinit2.o)
    0x08000210   0x08000210   0x00000002   Code   RO         1294    .ARM.Collect$$libshutdown$$00000000  c_w.l(libshutdown.o)
    0x08000212   0x08000212   0x00000000   Code   RO         1309    .ARM.Collect$$libshutdown$$00000002  c_w.l(libshutdown2.o)
    0x08000212   0x08000212   0x00000000   Code   RO         1311    .ARM.Collect$$libshutdown$$00000004  c_w.l(libshutdown2.o)
    0x08000212   0x08000212   0x00000000   Code   RO         1314    .ARM.Collect$$libshutdown$$00000007  c_w.l(libshutdown2.o)
    0x08000212   0x08000212   0x00000000   Code   RO         1317    .ARM.Collect$$libshutdown$$0000000A  c_w.l(libshutdown2.o)
    0x08000212   0x08000212   0x00000000   Code   RO         1319    .ARM.Collect$$libshutdown$$0000000C  c_w.l(libshutdown2.o)
    0x08000212   0x08000212   0x00000000   Code   RO         1322    .ARM.Collect$$libshutdown$$0000000F  c_w.l(libshutdown2.o)
    0x08000212   0x08000212   0x00000002   Code   RO         1323    .ARM.Collect$$libshutdown$$00000010  c_w.l(libshutdown2.o)
    0x08000214   0x08000214   0x00000000   Code   RO         1197    .ARM.Collect$$rtentry$$00000000  c_w.l(__rtentry.o)
    0x08000214   0x08000214   0x00000000   Code   RO         1201    .ARM.Collect$$rtentry$$00000002  c_w.l(__rtentry2.o)
    0x08000214   0x08000214   0x00000006   Code   RO         1213    .ARM.Collect$$rtentry$$00000004  c_w.l(__rtentry4.o)
    0x0800021a   0x0800021a   0x00000008   Code   RO         1202    .ARM.Collect$$rtentry$$00000008  c_w.l(__rtentry2.o)
    0x08000222   0x08000222   0x00000004   Code   RO         1204    .ARM.Collect$$rtentry$$0000000A  c_w.l(__rtentry2.o)
    0x08000226   0x08000226   0x00000000   Code   RO         1206    .ARM.Collect$$rtentry$$0000000C  c_w.l(__rtentry2.o)
    0x08000226   0x08000226   0x00000008   Code   RO         1207    .ARM.Collect$$rtentry$$0000000D  c_w.l(__rtentry2.o)
    0x0800022e   0x0800022e   0x00000002   Code   RO         1226    .ARM.Collect$$rtexit$$00000000  c_w.l(rtexit.o)
    0x08000230   0x08000230   0x00000000   Code   RO         1274    .ARM.Collect$$rtexit$$00000002  c_w.l(rtexit2.o)
    0x08000230   0x08000230   0x00000004   Code   RO         1275    .ARM.Collect$$rtexit$$00000003  c_w.l(rtexit2.o)
    0x08000234   0x08000234   0x00000006   Code   RO         1276    .ARM.Collect$$rtexit$$00000004  c_w.l(rtexit2.o)
    0x0800023a   0x0800023a   0x00000002   PAD
    0x0800023c   0x0800023c   0x000000c4   Code   RO           17    .text               irq_cm4f.o
    0x08000300   0x08000300   0x00000040   Code   RO         1164  * .text               startup_stm32f401xe.o
    0x08000340   0x08000340   0x0000008a   Code   RO         1185    .text               c_w.l(rt_memcpy_v6.o)
    0x080003ca   0x080003ca   0x00000010   Code   RO         1187    .text               c_w.l(aeabi_memset4.o)
    0x080003da   0x080003da   0x00000044   Code   RO         1189    .text               c_w.l(rt_memclr.o)
    0x0800041e   0x0800041e   0x0000004e   Code   RO         1191    .text               c_w.l(rt_memclr_w.o)
    0x0800046c   0x0800046c   0x00000006   Code   RO         1193    .text               c_w.l(heapauxi.o)
    0x08000472   0x08000472   0x00000064   Code   RO         1198    .text               c_w.l(rt_memcpy_w.o)
    0x080004d6   0x080004d6   0x0000004a   Code   RO         1215    .text               c_w.l(sys_stackheap_outer.o)
    0x08000520   0x08000520   0x00000012   Code   RO         1217    .text               c_w.l(exit.o)
    0x08000532   0x08000532   0x00000002   PAD
    0x08000534   0x08000534   0x00000008   Code   RO         1223    .text               c_w.l(libspace.o)
    0x0800053c   0x0800053c   0x0000000c   Code   RO         1284    .text               c_w.l(sys_exit.o)
    0x08000548   0x08000548   0x00000002   Code   RO         1299    .text               c_w.l(use_no_semi.o)
    0x0800054a   0x0800054a   0x00000000   Code   RO         1301    .text               c_w.l(indicate_semi.o)
    0x0800054a   0x0800054a   0x00000002   PAD
    0x0800054c   0x0800054c   0x00000002   Code   RO          252    .text.EvrRtxDelay   rtx_evr.o
    0x0800054e   0x0800054e   0x00000002   PAD
    0x08000550   0x08000550   0x00000002   Code   RO          260    .text.EvrRtxDelayCompleted  rtx_evr.o
    0x08000552   0x08000552   0x00000002   PAD
    0x08000554   0x08000554   0x00000002   Code   RO          250    .text.EvrRtxDelayError  rtx_evr.o
    0x08000556   0x08000556   0x00000002   PAD
    0x08000558   0x08000558   0x00000002   Code   RO          256    .text.EvrRtxDelayStarted  rtx_evr.o
    0x0800055a   0x0800055a   0x00000002   PAD
    0x0800055c   0x0800055c   0x00000002   Code   RO          308    .text.EvrRtxEventFlagsWaitTimeout  rtx_evr.o
    0x0800055e   0x0800055e   0x00000002   PAD
    0x08000560   0x08000560   0x00000002   Code   RO          124    .text.EvrRtxKernelError  rtx_evr.o
    0x08000562   0x08000562   0x00000002   PAD
    0x08000564   0x08000564   0x00000002   Code   RO          134    .text.EvrRtxKernelGetState  rtx_evr.o
    0x08000566   0x08000566   0x00000002   PAD
    0x08000568   0x08000568   0x00000002   Code   RO          126    .text.EvrRtxKernelInitialize  rtx_evr.o
    0x0800056a   0x0800056a   0x00000002   PAD
    0x0800056c   0x0800056c   0x00000002   Code   RO          128    .text.EvrRtxKernelInitialized  rtx_evr.o
    0x0800056e   0x0800056e   0x00000002   PAD
    0x08000570   0x08000570   0x00000002   Code   RO          136    .text.EvrRtxKernelStart  rtx_evr.o
    0x08000572   0x08000572   0x00000002   PAD
    0x08000574   0x08000574   0x00000002   Code   RO          138    .text.EvrRtxKernelStarted  rtx_evr.o
    0x08000576   0x08000576   0x00000002   PAD
    0x08000578   0x08000578   0x00000002   Code   RO          114    .text.EvrRtxMemoryAlloc  rtx_evr.o
    0x0800057a   0x0800057a   0x00000002   PAD
    0x0800057c   0x0800057c   0x00000002   Code   RO          120    .text.EvrRtxMemoryBlockAlloc  rtx_evr.o
    0x0800057e   0x0800057e   0x00000002   PAD
    0x08000580   0x08000580   0x00000002   Code   RO          122    .text.EvrRtxMemoryBlockFree  rtx_evr.o
    0x08000582   0x08000582   0x00000002   PAD
    0x08000584   0x08000584   0x00000002   Code   RO          118    .text.EvrRtxMemoryBlockInit  rtx_evr.o
    0x08000586   0x08000586   0x00000002   PAD
    0x08000588   0x08000588   0x00000002   Code   RO          116    .text.EvrRtxMemoryFree  rtx_evr.o
    0x0800058a   0x0800058a   0x00000002   PAD
    0x0800058c   0x0800058c   0x00000002   Code   RO          112    .text.EvrRtxMemoryInit  rtx_evr.o
    0x0800058e   0x0800058e   0x00000002   PAD
    0x08000590   0x08000590   0x00000002   Code   RO          386    .text.EvrRtxMemoryPoolAllocTimeout  rtx_evr.o
    0x08000592   0x08000592   0x00000002   PAD
    0x08000594   0x08000594   0x00000002   Code   RO          414    .text.EvrRtxMessageQueueCreated  rtx_evr.o
    0x08000596   0x08000596   0x00000002   PAD
    0x08000598   0x08000598   0x00000002   Code   RO          410    .text.EvrRtxMessageQueueError  rtx_evr.o
    0x0800059a   0x0800059a   0x00000002   PAD
    0x0800059c   0x0800059c   0x00000002   Code   RO          430    .text.EvrRtxMessageQueueGet  rtx_evr.o
    0x0800059e   0x0800059e   0x00000002   PAD
    0x080005a0   0x080005a0   0x00000002   Code   RO          432    .text.EvrRtxMessageQueueGetPending  rtx_evr.o
    0x080005a2   0x080005a2   0x00000002   PAD
    0x080005a4   0x080005a4   0x00000002   Code   RO          434    .text.EvrRtxMessageQueueGetTimeout  rtx_evr.o
    0x080005a6   0x080005a6   0x00000002   PAD
    0x080005a8   0x080005a8   0x00000002   Code   RO          424    .text.EvrRtxMessageQueueInsertPending  rtx_evr.o
    0x080005aa   0x080005aa   0x00000002   PAD
    0x080005ac   0x080005ac   0x00000002   Code   RO          426    .text.EvrRtxMessageQueueInserted  rtx_evr.o
    0x080005ae   0x080005ae   0x00000002   PAD
    0x080005b0   0x080005b0   0x00000002   Code   RO          412    .text.EvrRtxMessageQueueNew  rtx_evr.o
    0x080005b2   0x080005b2   0x00000002   PAD
    0x080005b4   0x080005b4   0x00000002   Code   RO          428    .text.EvrRtxMessageQueueNotInserted  rtx_evr.o
    0x080005b6   0x080005b6   0x00000002   PAD
    0x080005b8   0x080005b8   0x00000002   Code   RO          438    .text.EvrRtxMessageQueueNotRetrieved  rtx_evr.o
    0x080005ba   0x080005ba   0x00000002   PAD
    0x080005bc   0x080005bc   0x00000002   Code   RO          418    .text.EvrRtxMessageQueuePut  rtx_evr.o
    0x080005be   0x080005be   0x00000002   PAD
    0x080005c0   0x080005c0   0x00000002   Code   RO          420    .text.EvrRtxMessageQueuePutPending  rtx_evr.o
    0x080005c2   0x080005c2   0x00000002   PAD
    0x080005c4   0x080005c4   0x00000002   Code   RO          422    .text.EvrRtxMessageQueuePutTimeout  rtx_evr.o
    0x080005c6   0x080005c6   0x00000002   PAD
    0x080005c8   0x080005c8   0x00000002   Code   RO          436    .text.EvrRtxMessageQueueRetrieved  rtx_evr.o
    0x080005ca   0x080005ca   0x00000002   PAD
    0x080005cc   0x080005cc   0x00000002   Code   RO          326    .text.EvrRtxMutexAcquire  rtx_evr.o
    0x080005ce   0x080005ce   0x00000002   PAD
    0x080005d0   0x080005d0   0x00000002   Code   RO          328    .text.EvrRtxMutexAcquirePending  rtx_evr.o
    0x080005d2   0x080005d2   0x00000002   PAD
    0x080005d4   0x080005d4   0x00000002   Code   RO          330    .text.EvrRtxMutexAcquireTimeout  rtx_evr.o
    0x080005d6   0x080005d6   0x00000002   PAD
    0x080005d8   0x080005d8   0x00000002   Code   RO          332    .text.EvrRtxMutexAcquired  rtx_evr.o
    0x080005da   0x080005da   0x00000002   PAD
    0x080005dc   0x080005dc   0x00000002   Code   RO          322    .text.EvrRtxMutexCreated  rtx_evr.o
    0x080005de   0x080005de   0x00000002   PAD
    0x080005e0   0x080005e0   0x00000002   Code   RO          342    .text.EvrRtxMutexDelete  rtx_evr.o
    0x080005e2   0x080005e2   0x00000002   PAD
    0x080005e4   0x080005e4   0x00000002   Code   RO          344    .text.EvrRtxMutexDestroyed  rtx_evr.o
    0x080005e6   0x080005e6   0x00000002   PAD
    0x080005e8   0x080005e8   0x00000002   Code   RO          318    .text.EvrRtxMutexError  rtx_evr.o
    0x080005ea   0x080005ea   0x00000002   PAD
    0x080005ec   0x080005ec   0x00000002   Code   RO          320    .text.EvrRtxMutexNew  rtx_evr.o
    0x080005ee   0x080005ee   0x00000002   PAD
    0x080005f0   0x080005f0   0x00000002   Code   RO          334    .text.EvrRtxMutexNotAcquired  rtx_evr.o
    0x080005f2   0x080005f2   0x00000002   PAD
    0x080005f4   0x080005f4   0x00000002   Code   RO          336    .text.EvrRtxMutexRelease  rtx_evr.o
    0x080005f6   0x080005f6   0x00000002   PAD
    0x080005f8   0x080005f8   0x00000002   Code   RO          338    .text.EvrRtxMutexReleased  rtx_evr.o
    0x080005fa   0x080005fa   0x00000002   PAD
    0x080005fc   0x080005fc   0x00000002   Code   RO          358    .text.EvrRtxSemaphoreAcquireTimeout  rtx_evr.o
    0x080005fe   0x080005fe   0x00000002   PAD
    0x08000600   0x08000600   0x00000002   Code   RO          210    .text.EvrRtxThreadBlocked  rtx_evr.o
    0x08000602   0x08000602   0x00000002   PAD
    0x08000604   0x08000604   0x00000002   Code   RO          172    .text.EvrRtxThreadCreated  rtx_evr.o
    0x08000606   0x08000606   0x00000002   PAD
    0x08000608   0x08000608   0x00000002   Code   RO          222    .text.EvrRtxThreadDestroyed  rtx_evr.o
    0x0800060a   0x0800060a   0x00000002   PAD
    0x0800060c   0x0800060c   0x00000002   Code   RO          168    .text.EvrRtxThreadError  rtx_evr.o
    0x0800060e   0x0800060e   0x00000002   PAD
    0x08000610   0x08000610   0x00000002   Code   RO          218    .text.EvrRtxThreadExit  rtx_evr.o
    0x08000612   0x08000612   0x00000002   PAD
    0x08000614   0x08000614   0x00000002   Code   RO          246    .text.EvrRtxThreadFlagsWaitCompleted  rtx_evr.o
    0x08000616   0x08000616   0x00000002   PAD
    0x08000618   0x08000618   0x00000002   Code   RO          244    .text.EvrRtxThreadFlagsWaitTimeout  rtx_evr.o
    0x0800061a   0x0800061a   0x00000002   PAD
    0x0800061c   0x0800061c   0x00000002   Code   RO          208    .text.EvrRtxThreadJoined  rtx_evr.o
    0x0800061e   0x0800061e   0x00000002   PAD
    0x08000620   0x08000620   0x00000002   Code   RO          170    .text.EvrRtxThreadNew  rtx_evr.o
    0x08000622   0x08000622   0x00000002   PAD
    0x08000624   0x08000624   0x00000002   Code   RO          214    .text.EvrRtxThreadPreempted  rtx_evr.o
    0x08000626   0x08000626   0x00000002   PAD
    0x08000628   0x08000628   0x00000002   Code   RO          216    .text.EvrRtxThreadSwitched  rtx_evr.o
    0x0800062a   0x0800062a   0x00000002   PAD
    0x0800062c   0x0800062c   0x00000002   Code   RO          212    .text.EvrRtxThreadUnblocked  rtx_evr.o
    0x0800062e   0x0800062e   0x00000002   PAD
    0x08000630   0x08000630   0x00000002   Code   RO          264    .text.EvrRtxTimerCallback  rtx_evr.o
    0x08000632   0x08000632   0x00000002   PAD
    0x08000634   0x08000634   0x00000018   Code   RO           28    .text.IsIrqMasked   rtx_delay.o
    0x0800064c   0x0800064c   0x00000018   Code   RO          469    .text.IsIrqMasked   rtx_kernel.o
    0x08000664   0x08000664   0x00000018   Code   RO          680    .text.IsIrqMasked   rtx_msgqueue.o
    0x0800067c   0x0800067c   0x00000018   Code   RO          762    .text.IsIrqMasked   rtx_mutex.o
    0x08000694   0x08000694   0x00000018   Code   RO          956    .text.IsIrqMasked   rtx_thread.o
    0x080006ac   0x080006ac   0x0000000c   Code   RO           26    .text.IsIrqMode     rtx_delay.o
    0x080006b8   0x080006b8   0x0000000c   Code   RO          467    .text.IsIrqMode     rtx_kernel.o
    0x080006c4   0x080006c4   0x0000000c   Code   RO          678    .text.IsIrqMode     rtx_msgqueue.o
    0x080006d0   0x080006d0   0x0000000c   Code   RO          760    .text.IsIrqMode     rtx_mutex.o
    0x080006dc   0x080006dc   0x0000000c   Code   RO          954    .text.IsIrqMode     rtx_thread.o
    0x080006e8   0x080006e8   0x0000000c   Code   RO          473    .text.IsPrivileged  rtx_kernel.o
    0x080006f4   0x080006f4   0x00000032   Code   RO            4    .text.LED_Blink_PortD  main.o
    0x08000726   0x08000726   0x00000002   PAD
    0x08000728   0x08000728   0x00000032   Code   RO            6    .text.LED_Blink_PortE  main.o
    0x0800075a   0x0800075a   0x00000002   PAD
    0x0800075c   0x0800075c   0x00000004   Code   RO          588    .text.MemBlockPtr   rtx_memory.o
    0x08000760   0x08000760   0x00000002   Code   RO          586    .text.MemHeadPtr    rtx_memory.o
    0x08000762   0x08000762   0x00000002   PAD
    0x08000764   0x08000764   0x0000002a   Code   RO          732    .text.MessageQueueGet  rtx_msgqueue.o
    0x0800078e   0x0800078e   0x00000002   PAD
    0x08000790   0x08000790   0x00000054   Code   RO          720    .text.MessageQueuePut  rtx_msgqueue.o
    0x080007e4   0x080007e4   0x00000026   Code   RO          716    .text.MessageQueueRemove  rtx_msgqueue.o
    0x0800080a   0x0800080a   0x00000002   PAD
    0x0800080c   0x0800080c   0x0000000c   Code   RO         1130    .text.OS_Tick_AcknowledgeIRQ  os_systick.o
    0x08000818   0x08000818   0x00000032   Code   RO         1126    .text.OS_Tick_Enable  os_systick.o
    0x0800084a   0x0800084a   0x00000002   PAD
    0x0800084c   0x0800084c   0x00000006   Code   RO         1132    .text.OS_Tick_GetIRQn  os_systick.o
    0x08000852   0x08000852   0x00000002   PAD
    0x08000854   0x08000854   0x00000048   Code   RO         1124    .text.OS_Tick_Setup  os_systick.o
    0x0800089c   0x0800089c   0x00000030   Code   RO          515    .text.SVC_Setup     rtx_kernel.o
    0x080008cc   0x080008cc   0x00000010   Code   RO          876    .text.SetPendSV     rtx_system.o
    0x080008dc   0x080008dc   0x0000000c   Code   RO          924    .text.StackOffsetR0  rtx_thread.o
    0x080008e8   0x080008e8   0x0000007e   Code   RO         1171    .text.SystemCoreClockUpdate  system_stm32f4xx.o
    0x08000966   0x08000966   0x00000002   PAD
    0x08000968   0x08000968   0x0000001a   Code   RO         1169    .text.SystemInit    system_stm32f4xx.o
    0x08000982   0x08000982   0x00000002   PAD
    0x08000984   0x08000984   0x00000040   Code   RO         1004    .text.ThreadFlagsCheck  rtx_thread.o
    0x080009c4   0x080009c4   0x00000068   Code   RO         1098    .text.TimerInsert   rtx_timer.o
    0x08000a2c   0x08000a2c   0x00000018   Code   RO         1096    .text.TimerUnlink   rtx_timer.o
    0x08000a44   0x08000a44   0x00000010   Code   RO          517    .text.__NVIC_GetPriorityGrouping  rtx_kernel.o
    0x08000a54   0x08000a54   0x0000001a   Code   RO          557    .text._mutex_acquire  rtx_lib.o
    0x08000a6e   0x08000a6e   0x00000002   PAD
    0x08000a70   0x08000a70   0x0000000a   Code   RO          561    .text._mutex_free   rtx_lib.o
    0x08000a7a   0x08000a7a   0x00000002   PAD
    0x08000a7c   0x08000a7c   0x00000020   Code   RO          555    .text._mutex_initialize  rtx_lib.o
    0x08000a9c   0x08000a9c   0x00000016   Code   RO          559    .text._mutex_release  rtx_lib.o
    0x08000ab2   0x08000ab2   0x00000002   PAD
    0x08000ab4   0x08000ab4   0x00000008   Code   RO          549    .text._platform_post_stackheap_init  rtx_lib.o
    0x08000abc   0x08000abc   0x00000026   Code   RO         1006    .text.atomic_chk32_all  rtx_thread.o
    0x08000ae2   0x08000ae2   0x00000002   PAD
    0x08000ae4   0x08000ae4   0x00000022   Code   RO         1008    .text.atomic_chk32_any  rtx_thread.o
    0x08000b06   0x08000b06   0x00000002   PAD
    0x08000b08   0x08000b08   0x00000024   Code   RO          878    .text.atomic_dec16_nz  rtx_system.o
    0x08000b2c   0x08000b2c   0x00000010   Code   RO          614    .text.atomic_dec32  rtx_mempool.o
    0x08000b3c   0x08000b3c   0x0000001a   Code   RO          734    .text.atomic_dec32_nz  rtx_msgqueue.o
    0x08000b56   0x08000b56   0x00000002   PAD
    0x08000b58   0x08000b58   0x0000001a   Code   RO          880    .text.atomic_inc16_lim  rtx_system.o
    0x08000b72   0x08000b72   0x00000002   PAD
    0x08000b74   0x08000b74   0x00000028   Code   RO          884    .text.atomic_inc16_lt  rtx_system.o
    0x08000b9c   0x08000b9c   0x00000010   Code   RO          608    .text.atomic_inc32  rtx_mempool.o
    0x08000bac   0x08000bac   0x00000010   Code   RO          722    .text.atomic_inc32  rtx_msgqueue.o
    0x08000bbc   0x08000bbc   0x0000001a   Code   RO          606    .text.atomic_link_get  rtx_mempool.o
    0x08000bd6   0x08000bd6   0x00000002   PAD
    0x08000bd8   0x08000bd8   0x0000001e   Code   RO          612    .text.atomic_link_put  rtx_mempool.o
    0x08000bf6   0x08000bf6   0x00000002   PAD
    0x08000bf8   0x08000bf8   0x00000012   Code   RO          736    .text.atomic_wr8    rtx_msgqueue.o
    0x08000c0a   0x08000c0a   0x00000002   PAD
    0x08000c0c   0x08000c0c   0x00000074   Code   RO          690    .text.isrRtxMessageQueueGet  rtx_msgqueue.o
    0x08000c80   0x08000c80   0x0000007e   Code   RO          686    .text.isrRtxMessageQueuePut  rtx_msgqueue.o
    0x08000cfe   0x08000cfe   0x00000002   PAD
    0x08000d00   0x08000d00   0x0000002e   Code   RO          860    .text.isr_queue_get  rtx_system.o
    0x08000d2e   0x08000d2e   0x00000002   PAD
    0x08000d30   0x08000d30   0x00000032   Code   RO          874    .text.isr_queue_put  rtx_system.o
    0x08000d62   0x08000d62   0x00000002   PAD
    0x08000d64   0x08000d64   0x00000046   Code   RO            2    .text.main          main.o
    0x08000daa   0x08000daa   0x00000002   PAD
    0x08000dac   0x08000dac   0x00000032   Code   RO           24    .text.osDelay       rtx_delay.o
    0x08000dde   0x08000dde   0x00000002   PAD
    0x08000de0   0x08000de0   0x00000026   Code   RO          477    .text.osKernelGetState  rtx_kernel.o
    0x08000e06   0x08000e06   0x00000002   PAD
    0x08000e08   0x08000e08   0x00000032   Code   RO          465    .text.osKernelInitialize  rtx_kernel.o
    0x08000e3a   0x08000e3a   0x00000002   PAD
    0x08000e3c   0x08000e3c   0x0000002e   Code   RO          481    .text.osKernelStart  rtx_kernel.o
    0x08000e6a   0x08000e6a   0x00000002   PAD
    0x08000e6c   0x08000e6c   0x00000042   Code   RO          688    .text.osMessageQueueGet  rtx_msgqueue.o
    0x08000eae   0x08000eae   0x00000002   PAD
    0x08000eb0   0x08000eb0   0x0000003a   Code   RO          676    .text.osMessageQueueNew  rtx_msgqueue.o
    0x08000eea   0x08000eea   0x00000002   PAD
    0x08000eec   0x08000eec   0x00000042   Code   RO          684    .text.osMessageQueuePut  rtx_msgqueue.o
    0x08000f2e   0x08000f2e   0x00000002   PAD
    0x08000f30   0x08000f30   0x00000038   Code   RO          766    .text.osMutexAcquire  rtx_mutex.o
    0x08000f68   0x08000f68   0x00000034   Code   RO          772    .text.osMutexDelete  rtx_mutex.o
    0x08000f9c   0x08000f9c   0x00000032   Code   RO          758    .text.osMutexNew    rtx_mutex.o
    0x08000fce   0x08000fce   0x00000002   PAD
    0x08000fd0   0x08000fd0   0x00000034   Code   RO          768    .text.osMutexRelease  rtx_mutex.o
    0x08001004   0x08001004   0x00000002   Code   RO         1153    .text.osRtxErrorNotify  rtx_config.o
    0x08001006   0x08001006   0x00000002   PAD
    0x08001008   0x08001008   0x00000002   Code   RO          864    .text.osRtxEventFlagsObject  rtx_system.o
    0x0800100a   0x0800100a   0x00000002   PAD
    0x0800100c   0x0800100c   0x00000002   Code   RO          912    .text.osRtxEventFlagsObject  rtx_thread.o
    0x0800100e   0x0800100e   0x00000002   PAD
    0x08001010   0x08001010   0x00000002   Code   RO         1151    .text.osRtxIdleThread  rtx_config.o
    0x08001012   0x08001012   0x00000002   PAD
    0x08001014   0x08001014   0x0000000c   Code   RO          856    .text.osRtxKernelGetState  rtx_system.o
    0x08001020   0x08001020   0x0000000c   Code   RO          932    .text.osRtxKernelGetState  rtx_thread.o
    0x0800102c   0x0800102c   0x00000002   Code   RO          463    .text.osRtxKernelPreInit  rtx_kernel.o
    0x0800102e   0x0800102e   0x00000002   PAD
    0x08001030   0x08001030   0x0000000c   Code   RO          511    .text.osRtxKernelState  rtx_kernel.o
    0x0800103c   0x0800103c   0x000000ce   Code   RO          590    .text.osRtxMemoryAlloc  rtx_memory.o
    0x0800110a   0x0800110a   0x00000002   PAD
    0x0800110c   0x0800110c   0x00000078   Code   RO          592    .text.osRtxMemoryFree  rtx_memory.o
    0x08001184   0x08001184   0x00000064   Code   RO          584    .text.osRtxMemoryInit  rtx_memory.o
    0x080011e8   0x080011e8   0x0000002a   Code   RO          604    .text.osRtxMemoryPoolAlloc  rtx_mempool.o
    0x08001212   0x08001212   0x00000002   PAD
    0x08001214   0x08001214   0x00000042   Code   RO          610    .text.osRtxMemoryPoolFree  rtx_mempool.o
    0x08001256   0x08001256   0x00000002   PAD
    0x08001258   0x08001258   0x00000060   Code   RO          602    .text.osRtxMemoryPoolInit  rtx_mempool.o
    0x080012b8   0x080012b8   0x00000002   Code   RO          868    .text.osRtxMemoryPoolObject  rtx_system.o
    0x080012ba   0x080012ba   0x00000002   PAD
    0x080012bc   0x080012bc   0x00000002   Code   RO          918    .text.osRtxMemoryPoolObject  rtx_thread.o
    0x080012be   0x080012be   0x00000002   PAD
    0x080012c0   0x080012c0   0x00000002   Code   RO          870    .text.osRtxMessageObject  rtx_system.o
    0x080012c2   0x080012c2   0x00000002   PAD
    0x080012c4   0x080012c4   0x00000002   Code   RO          726    .text.osRtxMessageQueueId  rtx_msgqueue.o
    0x080012c6   0x080012c6   0x00000002   PAD
    0x080012c8   0x080012c8   0x00000002   Code   RO         1076    .text.osRtxMessageQueueId  rtx_timer.o
    0x080012ca   0x080012ca   0x00000002   PAD
    0x080012cc   0x080012cc   0x00000002   Code   RO          920    .text.osRtxMessageQueueObject  rtx_thread.o
    0x080012ce   0x080012ce   0x00000002   PAD
    0x080012d0   0x080012d0   0x00000102   Code   RO          714    .text.osRtxMessageQueuePostProcess  rtx_msgqueue.o
    0x080013d2   0x080013d2   0x00000002   PAD
    0x080013d4   0x080013d4   0x00000002   Code   RO          778    .text.osRtxMutexId  rtx_mutex.o
    0x080013d6   0x080013d6   0x00000002   PAD
    0x080013d8   0x080013d8   0x00000002   Code   RO          914    .text.osRtxMutexObject  rtx_thread.o
    0x080013da   0x080013da   0x00000002   PAD
    0x080013dc   0x080013dc   0x0000006a   Code   RO          752    .text.osRtxMutexOwnerRelease  rtx_mutex.o
    0x08001446   0x08001446   0x00000002   PAD
    0x08001448   0x08001448   0x0000004a   Code   RO          756    .text.osRtxMutexOwnerRestore  rtx_mutex.o
    0x08001492   0x08001492   0x00000002   PAD
    0x08001494   0x08001494   0x00000002   Code   RO          718    .text.osRtxObject   rtx_msgqueue.o
    0x08001496   0x08001496   0x00000002   PAD
    0x08001498   0x08001498   0x00000002   Code   RO          754    .text.osRtxObject   rtx_mutex.o
    0x0800149a   0x0800149a   0x00000002   PAD
    0x0800149c   0x0800149c   0x00000002   Code   RO          882    .text.osRtxObject   rtx_system.o
    0x0800149e   0x0800149e   0x00000002   PAD
    0x080014a0   0x080014a0   0x00000002   Code   RO          902    .text.osRtxObject   rtx_thread.o
    0x080014a2   0x080014a2   0x00000002   PAD
    0x080014a4   0x080014a4   0x00000064   Code   RO          858    .text.osRtxPendSV_Handler  rtx_system.o
    0x08001508   0x08001508   0x0000002c   Code   RO          872    .text.osRtxPostProcess  rtx_system.o
    0x08001534   0x08001534   0x00000002   Code   RO          866    .text.osRtxSemaphoreObject  rtx_system.o
    0x08001536   0x08001536   0x00000002   PAD
    0x08001538   0x08001538   0x00000002   Code   RO          916    .text.osRtxSemaphoreObject  rtx_thread.o
    0x0800153a   0x0800153a   0x00000002   PAD
    0x0800153c   0x0800153c   0x00000048   Code   RO          936    .text.osRtxThreadBlock  rtx_thread.o
    0x08001584   0x08001584   0x000000a0   Code   RO          944    .text.osRtxThreadDelayInsert  rtx_thread.o
    0x08001624   0x08001624   0x00000048   Code   RO          940    .text.osRtxThreadDelayRemove  rtx_thread.o
    0x0800166c   0x0800166c   0x000000f6   Code   RO          908    .text.osRtxThreadDelayTick  rtx_thread.o
    0x08001762   0x08001762   0x00000002   PAD
    0x08001764   0x08001764   0x0000005e   Code   RO          930    .text.osRtxThreadDispatch  rtx_thread.o
    0x080017c2   0x080017c2   0x00000002   PAD
    0x080017c4   0x080017c4   0x00000060   Code   RO         1036    .text.osRtxThreadFree  rtx_thread.o
    0x08001824   0x08001824   0x0000000c   Code   RO           34    .text.osRtxThreadGetRunning  rtx_delay.o
    0x08001830   0x08001830   0x0000000c   Code   RO          730    .text.osRtxThreadGetRunning  rtx_msgqueue.o
    0x0800183c   0x0800183c   0x0000000c   Code   RO          782    .text.osRtxThreadGetRunning  rtx_mutex.o
    0x08001848   0x08001848   0x0000000c   Code   RO          934    .text.osRtxThreadGetRunning  rtx_thread.o
    0x08001854   0x08001854   0x00000002   Code   RO          948    .text.osRtxThreadId  rtx_thread.o
    0x08001856   0x08001856   0x00000002   PAD
    0x08001858   0x08001858   0x00000018   Code   RO          898    .text.osRtxThreadListGet  rtx_thread.o
    0x08001870   0x08001870   0x00000034   Code   RO          894    .text.osRtxThreadListPut  rtx_thread.o
    0x080018a4   0x080018a4   0x0000001c   Code   RO          904    .text.osRtxThreadListRemove  rtx_thread.o
    0x080018c0   0x080018c0   0x00000012   Code   RO          910    .text.osRtxThreadListRoot  rtx_thread.o
    0x080018d2   0x080018d2   0x00000002   PAD
    0x080018d4   0x080018d4   0x00000030   Code   RO          900    .text.osRtxThreadListSort  rtx_thread.o
    0x08001904   0x08001904   0x00000002   Code   RO          862    .text.osRtxThreadObject  rtx_system.o
    0x08001906   0x08001906   0x00000002   PAD
    0x08001908   0x08001908   0x00000002   Code   RO          896    .text.osRtxThreadObject  rtx_thread.o
    0x0800190a   0x0800190a   0x00000002   PAD
    0x0800190c   0x0800190c   0x00000038   Code   RO         1002    .text.osRtxThreadPostProcess  rtx_thread.o
    0x08001944   0x08001944   0x00000018   Code   RO          906    .text.osRtxThreadReadyPut  rtx_thread.o
    0x0800195c   0x0800195c   0x00000010   Code   RO          922    .text.osRtxThreadRegPtr  rtx_thread.o
    0x0800196c   0x0800196c   0x0000000e   Code   RO         1042    .text.osRtxThreadSetRunning  rtx_thread.o
    0x0800197a   0x0800197a   0x00000002   PAD
    0x0800197c   0x0800197c   0x0000002a   Code   RO          928    .text.osRtxThreadStackCheck  rtx_thread.o
    0x080019a6   0x080019a6   0x00000002   PAD
    0x080019a8   0x080019a8   0x0000004e   Code   RO          946    .text.osRtxThreadStartup  rtx_thread.o
    0x080019f6   0x080019f6   0x00000002   PAD
    0x080019f8   0x080019f8   0x0000001e   Code   RO          926    .text.osRtxThreadSwitch  rtx_thread.o
    0x08001a16   0x08001a16   0x00000002   PAD
    0x08001a18   0x08001a18   0x0000005c   Code   RO          942    .text.osRtxThreadWaitEnter  rtx_thread.o
    0x08001a74   0x08001a74   0x0000002a   Code   RO          938    .text.osRtxThreadWaitExit  rtx_thread.o
    0x08001a9e   0x08001a9e   0x00000002   PAD
    0x08001aa0   0x08001aa0   0x00000084   Code   RO          854    .text.osRtxTick_Handler  rtx_system.o
    0x08001b24   0x08001b24   0x00000052   Code   RO         1074    .text.osRtxTimerThread  rtx_timer.o
    0x08001b76   0x08001b76   0x00000002   PAD
    0x08001b78   0x08001b78   0x00000056   Code   RO         1078    .text.osRtxTimerTick  rtx_timer.o
    0x08001bce   0x08001bce   0x00000002   PAD
    0x08001bd0   0x08001bd0   0x0000001a   Code   RO          984    .text.osThreadExit  rtx_thread.o
    0x08001bea   0x08001bea   0x00000002   PAD
    0x08001bec   0x08001bec   0x0000003a   Code   RO          952    .text.osThreadNew   rtx_thread.o
    0x08001c26   0x08001c26   0x00000002   PAD
    0x08001c28   0x08001c28   0x0000001e   Code   RO          553    .text.os_kernel_is_active  rtx_lib.o
    0x08001c46   0x08001c46   0x00000002   PAD
    0x08001c48   0x08001c48   0x00000026   Code   RO           32    .text.svcRtxDelay   rtx_delay.o
    0x08001c6e   0x08001c6e   0x00000002   PAD
    0x08001c70   0x08001c70   0x00000010   Code   RO          479    .text.svcRtxKernelGetState  rtx_kernel.o
    0x08001c80   0x08001c80   0x00000162   Code   RO          509    .text.svcRtxKernelInitialize  rtx_kernel.o
    0x08001de2   0x08001de2   0x00000002   PAD
    0x08001de4   0x08001de4   0x00000080   Code   RO          513    .text.svcRtxKernelStart  rtx_kernel.o
    0x08001e64   0x08001e64   0x00000132   Code   RO          738    .text.svcRtxMessageQueueGet  rtx_msgqueue.o
    0x08001f96   0x08001f96   0x00000002   PAD
    0x08001f98   0x08001f98   0x000001a6   Code   RO          712    .text.svcRtxMessageQueueNew  rtx_msgqueue.o
    0x0800213e   0x0800213e   0x00000002   PAD
    0x08002140   0x08002140   0x00000114   Code   RO          728    .text.svcRtxMessageQueuePut  rtx_msgqueue.o
    0x08002254   0x08002254   0x000000e6   Code   RO          780    .text.svcRtxMutexAcquire  rtx_mutex.o
    0x0800233a   0x0800233a   0x00000002   PAD
    0x0800233c   0x0800233c   0x000000dc   Code   RO          788    .text.svcRtxMutexDelete  rtx_mutex.o
    0x08002418   0x08002418   0x00000090   Code   RO          774    .text.svcRtxMutexNew  rtx_mutex.o
    0x080024a8   0x080024a8   0x000000fa   Code   RO          784    .text.svcRtxMutexRelease  rtx_mutex.o
    0x080025a2   0x080025a2   0x00000002   PAD
    0x080025a4   0x080025a4   0x00000078   Code   RO         1040    .text.svcRtxThreadExit  rtx_thread.o
    0x0800261c   0x0800261c   0x0000023e   Code   RO          950    .text.svcRtxThreadNew  rtx_thread.o
    0x0800285a   0x0800285a   0x0000001a   Code   RO         1282    x$fpl$fpinit        fz_wm.l(fpinit.o)
    0x08002874   0x08002874   0x000000a0   Data   RO          567    .rodata             rtx_lib.o
    0x08002914   0x08002914   0x00000010   Data   RO         1174    .rodata.AHBPrescTable  system_stm32f4xx.o
    0x08002924   0x08002924   0x00000004   Data   RO          569    .rodata.osRtxUserSVC  rtx_lib.o
    0x08002928   0x08002928   0x00000024   Data   RO          564    .rodata.os_idle_thread_attr  rtx_lib.o
    0x0800294c   0x0800294c   0x00000018   Data   RO          566    .rodata.os_timer_mq_attr  rtx_lib.o
    0x08002964   0x08002964   0x00000024   Data   RO          565    .rodata.os_timer_thread_attr  rtx_lib.o
    0x08002988   0x08002988   0x0000000b   Data   RO          539    .rodata.str1.4      rtx_kernel.o
    0x08002993   0x08002993   0x00000001   PAD
    0x08002994   0x08002994   0x00000020   Data   RO         1357    Region$$Table       anon$$obj.o


    Execution Region ER_RW (Exec base: 0x20000000, Load base: 0x080029b4, Size: 0x000000a8, Max: 0xffffffff, ABSOLUTE)

    Exec Addr    Load Addr    Size         Type   Attr      Idx    E Section Name        Object

    0x20000000   0x080029b4   0x00000004   Data   RW         1173    .data.SystemCoreClock  system_stm32f4xx.o
    0x20000004   0x080029b8   0x000000a4   Data   RW          540    .data.os            rtx_kernel.o


    Execution Region ER_ZI (Exec base: 0x200000a8, Load base: 0x08002a5c, Size: 0x00008bc0, Max: 0xffffffff, ABSOLUTE)

    Exec Addr    Load Addr    Size         Type   Attr      Idx    E Section Name        Object

    0x200000a8        -       0x00000060   Zero   RW         1224    .bss                c_w.l(libspace.o)
    0x20000108        -       0x00000001   Zero   RW         1142    .bss.PendST         os_systick.o
    0x20000109   0x08002a5c   0x00000007   PAD
    0x20000110        -       0x00008040   Zero   RW          563    .bss.os             rtx_lib.o
    0x20008150        -       0x00000034   Zero   RW          573    .bss.os.msgqueue.cb  rtx_lib.o
    0x20008184        -       0x00000050   Zero   RW          574    .bss.os.msgqueue.mem  rtx_lib.o
    0x200081d4        -       0x00000088   Zero   RW          571    .bss.os.thread.cb   rtx_lib.o
    0x2000825c   0x08002a5c   0x00000004   PAD
    0x20008260        -       0x00000400   Zero   RW          572    .bss.os.thread.stack  rtx_lib.o
    0x20008660        -       0x00000001   Zero   RW          575    .bss.os_kernel_is_active.os_kernel_active  rtx_lib.o
    0x20008661   0x08002a5c   0x00000007   PAD
    0x20008668        -       0x00000200   Zero   RW         1162    HEAP                startup_stm32f401xe.o
    0x20008868        -       0x00000400   Zero   RW         1161    STACK               startup_stm32f401xe.o


==============================================================================

Image component sizes


      Code (inc. data)   RO Data    RW Data    ZI Data      Debug   Object Name

       196         12          0          0          0        700   irq_cm4f.o
       170          0          0          0          0       2051   main.o
       140          0          0          0          1       4303   os_systick.o
         4          0          0          0          0        698   rtx_config.o
       136          0          0          0          0       4206   rtx_delay.o
       116          0          0          0          0      24214   rtx_evr.o
       758          0         11        164          0      15379   rtx_kernel.o
       128          0        260          0      34125       7219   rtx_lib.o
       432          0          0          0          0       2865   rtx_memory.o
       292          0          0          0          0      15189   rtx_mempool.o
      1970          0          0          0          0      18553   rtx_msgqueue.o
      1286          0          0          0          0      10224   rtx_mutex.o
       514         10          0          0          0       6551   rtx_system.o
      2306         10          0          0          0      33153   rtx_thread.o
       298          0          0          0          0      10549   rtx_timer.o
        64         26        404          0       1536        872   startup_stm32f401xe.o
       152          0         16          4          0       2814   system_stm32f4xx.o

    ----------------------------------------------------------------------
      9234         58        724        168      35680     159540   Object Totals
         0          0         32          0          0          0   (incl. Generated)
       272          0          1          0         18          0   (incl. Padding)

    ----------------------------------------------------------------------

      Code (inc. data)   RO Data    RW Data    ZI Data      Debug   Library Member Name

         8          0          0          0          0         68   __main.o
         0          0          0          0          0          0   __rtentry.o
        20          0          0          0          0          0   __rtentry2.o
         6          0          0          0          0          0   __rtentry4.o
        52          8          0          0          0          0   __scatter.o
        26          0          0          0          0          0   __scatter_copy.o
        28          0          0          0          0          0   __scatter_zi.o
        16          0          0          0          0         68   aeabi_memset4.o
        18          0          0          0          0         80   exit.o
         6          0          0          0          0        152   heapauxi.o
         0          0          0          0          0          0   indicate_semi.o
         2          0          0          0          0          0   libinit.o
         6          0          0          0          0          0   libinit2.o
         2          0          0          0          0          0   libshutdown.o
         2          0          0          0          0          0   libshutdown2.o
         8          4          0          0         96         68   libspace.o
        68          0          0          0          0         68   rt_memclr.o
        78          0          0          0          0         80   rt_memclr_w.o
       138          0          0          0          0         68   rt_memcpy_v6.o
       100          0          0          0          0         80   rt_memcpy_w.o
         2          0          0          0          0          0   rtexit.o
        10          0          0          0          0          0   rtexit2.o
        12          4          0          0          0         68   sys_exit.o
        74          0          0          0          0         80   sys_stackheap_outer.o
         2          0          0          0          0         68   use_no_semi.o
        26          0          0          0          0        116   fpinit.o

    ----------------------------------------------------------------------
       718         16          0          0         96       1064   Library Totals
         8          0          0          0          0          0   (incl. Padding)

    ----------------------------------------------------------------------

      Code (inc. data)   RO Data    RW Data    ZI Data      Debug   Library Name

       684         16          0          0         96        948   c_w.l
        26          0          0          0          0        116   fz_wm.l

    ----------------------------------------------------------------------
       718         16          0          0         96       1064   Library Totals

    ----------------------------------------------------------------------

==============================================================================


      Code (inc. data)   RO Data    RW Data    ZI Data      Debug   

      9952         74        724        168      35776     159864   Grand Totals
      9952         74        724        168      35776     159864   ELF Image Totals
      9952         74        724        168          0          0   ROM Totals

==============================================================================

    Total RO  Size (Code + RO Data)                10676 (  10.43kB)
    Total RW  Size (RW Data + ZI Data)             35944 (  35.10kB)
    Total ROM Size (Code + RO Data + RW Data)      10844 (  10.59kB)

==============================================================================

