<html>
<body>
<pre>
<h1>µVision Build Log</h1>
<h2>Project:</h2>
D:\SLR\Interlogicx\codes\Practise\RTOS\FREE RTOS\Rtos examples\Tutorial programs\right from scratch\1-Task creation\taskcreation.uvproj
Project File Date:  08/28/2016

<h2>Output:</h2>
Rebuild target 'Target 1'
assembling Startup.s...
compiling taskcreation.c...
compiling list.c...
compiling queue.c...
compiling tasks.c...
compiling port.c...
assembling portASM.s...
compiling heap_2.c...
linking...
Program Size: Code=10112 RO-data=32 RW-data=84 ZI-data=18228  
FromELF: creating hex file...
"taskcreation.axf" - 0 Error(s), 0 Warning(s).
Rebuild target 'Target 1'
assembling Startup.s...
compiling taskcreation.c...
compiling list.c...
compiling queue.c...
compiling tasks.c...
compiling port.c...
assembling portASM.s...
compiling heap_2.c...
linking...
Program Size: Code=10112 RO-data=32 RW-data=84 ZI-data=18228  
FromELF: creating hex file...
"taskcreation.axf" - 0 Error(s), 0 Warning(s).
